(base) PS D:\OneDrive\OneDrive - Dalhousie University\2026_Winter\ga_combine\source_code\multi_ga_cart_pole> python cartpole_timetest.py --rpc-port 6000 --population 50 --generations 20 --processes 16 --pool-size 100 --subset-k 5
Starting Batch Experiment: 5 runs.
Seeds: [101, 102, 103, 104, 105]

============================================================
STARTING RUN 1/5 | SEED: 101
============================================================

Initial seed subset: [623054291, 829401385, 618241786, 820359671, 993502358]
Training started. Logs at: runs_cartpole\ga_cartpole_20260320_210012_seed101
Gen 1: 100%|█████████████████████████████████████████████████████████████████████████| 250/250 [00:34<00:00,  7.17it/s]
    [Time Profile] Physics: 0.1s (0.0%) | Render: 18.8s (3.9%) | RPC+YOLO: 468.9s (96.1%)
  - Replaced 2 seeds (Age/Perf).
[GEN 1] PopMax=16.4 | BestFit=0.1592 | SelRaw=16.4
Gen 2: 100%|█████████████████████████████████████████████████████████████████████████| 250/250 [00:36<00:00,  6.80it/s]
    [Time Profile] Physics: 0.1s (0.0%) | Render: 21.0s (4.1%) | RPC+YOLO: 496.4s (95.9%)
  - Replaced 2 seeds (Age/Perf).
[GEN 2] PopMax=35.0 | BestFit=0.2926 | SelRaw=35.0
Gen 3: 100%|█████████████████████████████████████████████████████████████████████████| 250/250 [00:51<00:00,  4.89it/s]
    [Time Profile] Physics: 0.2s (0.0%) | Render: 23.5s (3.2%) | RPC+YOLO: 718.4s (96.8%)
  - Replaced 2 seeds (Age/Perf).
[GEN 3] PopMax=47.6 | BestFit=0.2516 | SelRaw=47.2
Gen 4: 100%|█████████████████████████████████████████████████████████████████████████| 250/250 [01:02<00:00,  4.01it/s]
    [Time Profile] Physics: 0.2s (0.0%) | Render: 28.1s (3.1%) | RPC+YOLO: 885.6s (96.9%)
  - Replaced 2 seeds (Age/Perf).
[GEN 4] PopMax=62.6 | BestFit=0.2600 | SelRaw=62.6
Gen 5: 100%|█████████████████████████████████████████████████████████████████████████| 250/250 [01:10<00:00,  3.57it/s]
    [Time Profile] Physics: 0.3s (0.0%) | Render: 27.8s (2.7%) | RPC+YOLO: 1017.9s (97.3%)
  - Replaced 2 seeds (Age/Perf).
[GEN 5] PopMax=83.6 | BestFit=0.2761 | SelRaw=83.6
Gen 6: 100%|█████████████████████████████████████████████████████████████████████████| 250/250 [01:24<00:00,  2.96it/s]
    [Time Profile] Physics: 0.3s (0.0%) | Render: 30.8s (2.4%) | RPC+YOLO: 1245.0s (97.6%)
  - Replaced 2 seeds (Age/Perf).
[GEN 6] PopMax=87.6 | BestFit=0.2646 | SelRaw=87.6
Gen 7: 100%|█████████████████████████████████████████████████████████████████████████| 250/250 [01:29<00:00,  2.79it/s]
    [Time Profile] Physics: 0.4s (0.0%) | Render: 30.9s (2.3%) | RPC+YOLO: 1301.1s (97.7%)
  - Replaced 2 seeds (Age/Perf).
[GEN 7] PopMax=86.2 | BestFit=0.2543 | SelRaw=86.2
Gen 8: 100%|█████████████████████████████████████████████████████████████████████████| 250/250 [01:27<00:00,  2.85it/s]
    [Time Profile] Physics: 0.4s (0.0%) | Render: 31.8s (2.4%) | RPC+YOLO: 1297.3s (97.6%)
  - Replaced 2 seeds (Age/Perf).
[GEN 8] PopMax=81.2 | BestFit=0.2441 | SelRaw=81.2
Gen 9: 100%|█████████████████████████████████████████████████████████████████████████| 250/250 [01:28<00:00,  2.82it/s]
    [Time Profile] Physics: 0.4s (0.0%) | Render: 31.5s (2.4%) | RPC+YOLO: 1303.2s (97.6%)
  - Replaced 2 seeds (Age/Perf).
[GEN 9] PopMax=80.8 | BestFit=0.2377 | SelRaw=80.2
Gen 10: 100%|████████████████████████████████████████████████████████████████████████| 250/250 [01:39<00:00,  2.50it/s]
    [Time Profile] Physics: 0.4s (0.0%) | Render: 34.3s (2.3%) | RPC+YOLO: 1467.4s (97.7%)
  - Replaced 2 seeds (Age/Perf).
[GEN 10] PopMax=182.0 | BestFit=0.4319 | SelRaw=182.0
Gen 11: 100%|████████████████████████████████████████████████████████████████████████| 250/250 [01:52<00:00,  2.22it/s]
    [Time Profile] Physics: 0.5s (0.0%) | Render: 36.3s (2.1%) | RPC+YOLO: 1682.8s (97.9%)
  - Replaced 2 seeds (Age/Perf).
[GEN 11] PopMax=188.2 | BestFit=0.4167 | SelRaw=188.2
Gen 12: 100%|████████████████████████████████████████████████████████████████████████| 250/250 [01:36<00:00,  2.59it/s]
    [Time Profile] Physics: 0.4s (0.0%) | Render: 35.3s (2.4%) | RPC+YOLO: 1410.5s (97.5%)
  - Replaced 2 seeds (Age/Perf).
[GEN 12] PopMax=186.8 | BestFit=0.4314 | SelRaw=186.8
Gen 13: 100%|████████████████████████████████████████████████████████████████████████| 250/250 [01:59<00:00,  2.10it/s]
    [Time Profile] Physics: 0.5s (0.0%) | Render: 39.8s (2.2%) | RPC+YOLO: 1789.0s (97.8%)
  - Replaced 2 seeds (Age/Perf).
[GEN 13] PopMax=213.8 | BestFit=0.4257 | SelRaw=213.8
Gen 14: 100%|████████████████████████████████████████████████████████████████████████| 250/250 [02:14<00:00,  1.86it/s]
    [Time Profile] Physics: 0.6s (0.0%) | Render: 40.0s (2.0%) | RPC+YOLO: 1988.8s (98.0%)
  - Replaced 2 seeds (Age/Perf).
[GEN 14] PopMax=207.2 | BestFit=0.4132 | SelRaw=207.2
Gen 15: 100%|████████████████████████████████████████████████████████████████████████| 250/250 [02:25<00:00,  1.72it/s]
    [Time Profile] Physics: 0.6s (0.0%) | Render: 45.7s (2.1%) | RPC+YOLO: 2180.6s (97.9%)
  - Replaced 2 seeds (Age/Perf).
[GEN 15] PopMax=215.6 | BestFit=0.3931 | SelRaw=215.6
Gen 16: 100%|████████████████████████████████████████████████████████████████████████| 250/250 [02:31<00:00,  1.65it/s]
    [Time Profile] Physics: 0.6s (0.0%) | Render: 46.2s (2.0%) | RPC+YOLO: 2247.3s (98.0%)
  - Replaced 2 seeds (Age/Perf).
[GEN 16] PopMax=198.4 | BestFit=0.3732 | SelRaw=198.4
Gen 17: 100%|████████████████████████████████████████████████████████████████████████| 250/250 [02:46<00:00,  1.50it/s]
    [Time Profile] Physics: 0.7s (0.0%) | Render: 50.7s (2.0%) | RPC+YOLO: 2521.9s (98.0%)
  - Replaced 2 seeds (Age/Perf).
[GEN 17] PopMax=344.8 | BestFit=0.4620 | SelRaw=344.8
Gen 18: 100%|████████████████████████████████████████████████████████████████████████| 250/250 [04:21<00:00,  1.05s/it]
    [Time Profile] Physics: 1.2s (0.0%) | Render: 72.0s (1.8%) | RPC+YOLO: 3969.1s (98.2%)
  - Replaced 2 seeds (Age/Perf).
[GEN 18] PopMax=500.0 | BestFit=0.4187 | SelRaw=500.0