(neat) PS D:\Git\ga_combine\source_code\multi_ppo_cartpole> python cartpole_ppo.py
=== Starting E2E PPO Vision Baseline (Time-to-Convergence) Tests ===
Target Score: 495.0 | Max Steps Allowed: 2000000


--- Running Seed 101 (1/5) with 16 parallel workers ---
[*] Architecture Parameter Analysis:
    - Total Trainable Parameters: 1,683,619
--------------------------------------------------
    [Progress] Steps: 10000 | Elapsed: 7.8s | Recent 20-Ep Avg Reward: 23.6
    [Progress] Steps: 20000 | Elapsed: 16.1s | Recent 20-Ep Avg Reward: 21.6
    [Progress] Steps: 30000 | Elapsed: 24.5s | Recent 20-Ep Avg Reward: 19.6
    [Progress] Steps: 40000 | Elapsed: 83.2s | Recent 20-Ep Avg Reward: 31.8
    [Progress] Steps: 50000 | Elapsed: 91.1s | Recent 20-Ep Avg Reward: 39.2
    [Progress] Steps: 60000 | Elapsed: 99.3s | Recent 20-Ep Avg Reward: 28.3
    [Progress] Steps: 70000 | Elapsed: 156.1s | Recent 20-Ep Avg Reward: 36.2
    [Progress] Steps: 80000 | Elapsed: 164.2s | Recent 20-Ep Avg Reward: 38.1
    [Progress] Steps: 90000 | Elapsed: 172.5s | Recent 20-Ep Avg Reward: 36.5
    [Progress] Steps: 100000 | Elapsed: 230.4s | Recent 20-Ep Avg Reward: 39.0
    [Progress] Steps: 110000 | Elapsed: 238.3s | Recent 20-Ep Avg Reward: 36.9
    [Progress] Steps: 120000 | Elapsed: 246.4s | Recent 20-Ep Avg Reward: 43.0
    [Progress] Steps: 130000 | Elapsed: 254.6s | Recent 20-Ep Avg Reward: 40.4
    [Progress] Steps: 140000 | Elapsed: 311.9s | Recent 20-Ep Avg Reward: 45.0
    [Progress] Steps: 150000 | Elapsed: 319.9s | Recent 20-Ep Avg Reward: 50.2
    [Progress] Steps: 160000 | Elapsed: 328.3s | Recent 20-Ep Avg Reward: 50.7
    [Progress] Steps: 170000 | Elapsed: 386.0s | Recent 20-Ep Avg Reward: 49.8
    [Progress] Steps: 180000 | Elapsed: 394.1s | Recent 20-Ep Avg Reward: 36.7
    [Progress] Steps: 190000 | Elapsed: 402.3s | Recent 20-Ep Avg Reward: 40.9
    [Progress] Steps: 200000 | Elapsed: 459.6s | Recent 20-Ep Avg Reward: 37.1
    [Progress] Steps: 210000 | Elapsed: 467.5s | Recent 20-Ep Avg Reward: 52.0
    [Progress] Steps: 220000 | Elapsed: 475.1s | Recent 20-Ep Avg Reward: 56.0
    [Progress] Steps: 230000 | Elapsed: 533.0s | Recent 20-Ep Avg Reward: 48.9
    [Progress] Steps: 240000 | Elapsed: 540.9s | Recent 20-Ep Avg Reward: 38.7
    [Progress] Steps: 250000 | Elapsed: 548.8s | Recent 20-Ep Avg Reward: 48.5
    [Progress] Steps: 260000 | Elapsed: 556.7s | Recent 20-Ep Avg Reward: 46.1
    [Progress] Steps: 270000 | Elapsed: 614.0s | Recent 20-Ep Avg Reward: 45.4
    [Progress] Steps: 280000 | Elapsed: 621.9s | Recent 20-Ep Avg Reward: 50.5
    [Progress] Steps: 290000 | Elapsed: 629.8s | Recent 20-Ep Avg Reward: 57.6
    [Progress] Steps: 300000 | Elapsed: 687.7s | Recent 20-Ep Avg Reward: 35.9
    [Progress] Steps: 310000 | Elapsed: 696.0s | Recent 20-Ep Avg Reward: 56.5
    [Progress] Steps: 320000 | Elapsed: 704.1s | Recent 20-Ep Avg Reward: 43.1
    [Progress] Steps: 330000 | Elapsed: 762.0s | Recent 20-Ep Avg Reward: 48.0
    [Progress] Steps: 340000 | Elapsed: 769.8s | Recent 20-Ep Avg Reward: 42.7
    [Progress] Steps: 350000 | Elapsed: 777.8s | Recent 20-Ep Avg Reward: 55.0
    [Progress] Steps: 360000 | Elapsed: 785.7s | Recent 20-Ep Avg Reward: 43.1
    [Progress] Steps: 370000 | Elapsed: 843.3s | Recent 20-Ep Avg Reward: 44.4
    [Progress] Steps: 380000 | Elapsed: 851.4s | Recent 20-Ep Avg Reward: 54.3
    [Progress] Steps: 390000 | Elapsed: 859.7s | Recent 20-Ep Avg Reward: 45.5
    [Progress] Steps: 400000 | Elapsed: 916.7s | Recent 20-Ep Avg Reward: 46.9
    [Progress] Steps: 410000 | Elapsed: 924.5s | Recent 20-Ep Avg Reward: 46.4
    [Progress] Steps: 420000 | Elapsed: 932.4s | Recent 20-Ep Avg Reward: 42.7
    [Progress] Steps: 430000 | Elapsed: 990.4s | Recent 20-Ep Avg Reward: 42.5
    [Progress] Steps: 440000 | Elapsed: 998.1s | Recent 20-Ep Avg Reward: 49.9
    [Progress] Steps: 450000 | Elapsed: 1006.2s | Recent 20-Ep Avg Reward: 41.4
    [Progress] Steps: 460000 | Elapsed: 1063.9s | Recent 20-Ep Avg Reward: 47.0
    [Progress] Steps: 470000 | Elapsed: 1071.5s | Recent 20-Ep Avg Reward: 52.2
    [Progress] Steps: 480000 | Elapsed: 1079.3s | Recent 20-Ep Avg Reward: 62.6
    [Progress] Steps: 490000 | Elapsed: 1087.3s | Recent 20-Ep Avg Reward: 43.8
    [Progress] Steps: 500000 | Elapsed: 1144.8s | Recent 20-Ep Avg Reward: 47.5
    [Progress] Steps: 510000 | Elapsed: 1152.6s | Recent 20-Ep Avg Reward: 50.3
    [Progress] Steps: 520000 | Elapsed: 1160.6s | Recent 20-Ep Avg Reward: 48.3
    [Progress] Steps: 530000 | Elapsed: 1218.1s | Recent 20-Ep Avg Reward: 50.8
    [Progress] Steps: 540000 | Elapsed: 1225.8s | Recent 20-Ep Avg Reward: 50.8
    [Progress] Steps: 550000 | Elapsed: 1233.6s | Recent 20-Ep Avg Reward: 55.3
    [Progress] Steps: 560000 | Elapsed: 1291.1s | Recent 20-Ep Avg Reward: 50.7
    [Progress] Steps: 570000 | Elapsed: 1298.8s | Recent 20-Ep Avg Reward: 47.5
    [Progress] Steps: 580000 | Elapsed: 1306.6s | Recent 20-Ep Avg Reward: 55.2
    [Progress] Steps: 590000 | Elapsed: 1364.5s | Recent 20-Ep Avg Reward: 56.9
    [Progress] Steps: 600000 | Elapsed: 1372.3s | Recent 20-Ep Avg Reward: 44.7
    [Progress] Steps: 610000 | Elapsed: 1380.1s | Recent 20-Ep Avg Reward: 55.0
    [Progress] Steps: 620000 | Elapsed: 1387.8s | Recent 20-Ep Avg Reward: 51.8
    [Progress] Steps: 630000 | Elapsed: 1445.2s | Recent 20-Ep Avg Reward: 50.2
    [Progress] Steps: 640000 | Elapsed: 1452.9s | Recent 20-Ep Avg Reward: 50.5
    [Progress] Steps: 650000 | Elapsed: 1460.6s | Recent 20-Ep Avg Reward: 48.1
    [Progress] Steps: 660000 | Elapsed: 1518.3s | Recent 20-Ep Avg Reward: 51.4
    [Progress] Steps: 670000 | Elapsed: 1526.3s | Recent 20-Ep Avg Reward: 59.6
    [Progress] Steps: 680000 | Elapsed: 1534.1s | Recent 20-Ep Avg Reward: 46.0
    [Progress] Steps: 690000 | Elapsed: 1591.6s | Recent 20-Ep Avg Reward: 40.8
    [Progress] Steps: 700000 | Elapsed: 1599.1s | Recent 20-Ep Avg Reward: 53.4
    [Progress] Steps: 710000 | Elapsed: 1607.0s | Recent 20-Ep Avg Reward: 56.0
    [Progress] Steps: 720000 | Elapsed: 1614.7s | Recent 20-Ep Avg Reward: 43.5
    [Progress] Steps: 730000 | Elapsed: 1671.3s | Recent 20-Ep Avg Reward: 41.6
    [Progress] Steps: 740000 | Elapsed: 1679.3s | Recent 20-Ep Avg Reward: 54.5
    [Progress] Steps: 750000 | Elapsed: 1687.3s | Recent 20-Ep Avg Reward: 51.8
    [Progress] Steps: 760000 | Elapsed: 1744.5s | Recent 20-Ep Avg Reward: 40.2
    [Progress] Steps: 770000 | Elapsed: 1752.1s | Recent 20-Ep Avg Reward: 55.9
    [Progress] Steps: 780000 | Elapsed: 1760.1s | Recent 20-Ep Avg Reward: 42.8
    [Progress] Steps: 790000 | Elapsed: 1818.0s | Recent 20-Ep Avg Reward: 48.0
    [Progress] Steps: 800000 | Elapsed: 1825.6s | Recent 20-Ep Avg Reward: 50.9
    [Progress] Steps: 810000 | Elapsed: 1833.6s | Recent 20-Ep Avg Reward: 45.4
    [Progress] Steps: 820000 | Elapsed: 1891.3s | Recent 20-Ep Avg Reward: 49.6
    [Progress] Steps: 830000 | Elapsed: 1898.8s | Recent 20-Ep Avg Reward: 45.3
    [Progress] Steps: 840000 | Elapsed: 1906.5s | Recent 20-Ep Avg Reward: 50.8
    [Progress] Steps: 850000 | Elapsed: 1914.4s | Recent 20-Ep Avg Reward: 50.0
    [Progress] Steps: 860000 | Elapsed: 1971.5s | Recent 20-Ep Avg Reward: 52.8
    [Progress] Steps: 870000 | Elapsed: 1979.2s | Recent 20-Ep Avg Reward: 47.3
    [Progress] Steps: 880000 | Elapsed: 1987.2s | Recent 20-Ep Avg Reward: 44.3
    [Progress] Steps: 890000 | Elapsed: 2043.8s | Recent 20-Ep Avg Reward: 54.0
    [Progress] Steps: 900000 | Elapsed: 2051.6s | Recent 20-Ep Avg Reward: 62.5
    [Progress] Steps: 910000 | Elapsed: 2059.3s | Recent 20-Ep Avg Reward: 46.0
    [Progress] Steps: 920000 | Elapsed: 2116.1s | Recent 20-Ep Avg Reward: 50.8
    [Progress] Steps: 930000 | Elapsed: 2123.8s | Recent 20-Ep Avg Reward: 53.7
    [Progress] Steps: 940000 | Elapsed: 2131.5s | Recent 20-Ep Avg Reward: 42.5
    [Progress] Steps: 950000 | Elapsed: 2139.6s | Recent 20-Ep Avg Reward: 52.1
    [Progress] Steps: 960000 | Elapsed: 2196.4s | Recent 20-Ep Avg Reward: 46.0
    [Progress] Steps: 970000 | Elapsed: 2204.2s | Recent 20-Ep Avg Reward: 49.4
    [Progress] Steps: 980000 | Elapsed: 2211.9s | Recent 20-Ep Avg Reward: 48.0
    [Progress] Steps: 990000 | Elapsed: 2269.5s | Recent 20-Ep Avg Reward: 47.4
    [Progress] Steps: 1000000 | Elapsed: 2277.3s | Recent 20-Ep Avg Reward: 46.9
    [Progress] Steps: 1010000 | Elapsed: 2285.0s | Recent 20-Ep Avg Reward: 45.4
    [Progress] Steps: 1020000 | Elapsed: 2342.4s | Recent 20-Ep Avg Reward: 45.5
    [Progress] Steps: 1030000 | Elapsed: 2350.2s | Recent 20-Ep Avg Reward: 46.5
    [Progress] Steps: 1040000 | Elapsed: 2358.1s | Recent 20-Ep Avg Reward: 43.8
    [Progress] Steps: 1050000 | Elapsed: 2416.3s | Recent 20-Ep Avg Reward: 49.8
    [Progress] Steps: 1060000 | Elapsed: 2423.7s | Recent 20-Ep Avg Reward: 52.7
    [Progress] Steps: 1070000 | Elapsed: 2431.5s | Recent 20-Ep Avg Reward: 54.2
    [Progress] Steps: 1080000 | Elapsed: 2439.3s | Recent 20-Ep Avg Reward: 40.8
    [Progress] Steps: 1090000 | Elapsed: 2496.5s | Recent 20-Ep Avg Reward: 51.0
    [Progress] Steps: 1100000 | Elapsed: 2504.4s | Recent 20-Ep Avg Reward: 49.2
    [Progress] Steps: 1110000 | Elapsed: 2512.3s | Recent 20-Ep Avg Reward: 42.6
    [Progress] Steps: 1120000 | Elapsed: 2570.0s | Recent 20-Ep Avg Reward: 44.1
    [Progress] Steps: 1130000 | Elapsed: 2577.7s | Recent 20-Ep Avg Reward: 44.4
    [Progress] Steps: 1140000 | Elapsed: 2585.5s | Recent 20-Ep Avg Reward: 51.0
    [Progress] Steps: 1150000 | Elapsed: 2641.7s | Recent 20-Ep Avg Reward: 52.9
    [Progress] Steps: 1160000 | Elapsed: 2649.4s | Recent 20-Ep Avg Reward: 47.5
    [Progress] Steps: 1170000 | Elapsed: 2657.2s | Recent 20-Ep Avg Reward: 50.2
    [Progress] Steps: 1180000 | Elapsed: 2714.4s | Recent 20-Ep Avg Reward: 40.7
    [Progress] Steps: 1190000 | Elapsed: 2722.2s | Recent 20-Ep Avg Reward: 45.5
    [Progress] Steps: 1200000 | Elapsed: 2729.9s | Recent 20-Ep Avg Reward: 44.0
    [Progress] Steps: 1210000 | Elapsed: 2737.8s | Recent 20-Ep Avg Reward: 49.5
    [Progress] Steps: 1220000 | Elapsed: 2794.9s | Recent 20-Ep Avg Reward: 47.0
    [Progress] Steps: 1230000 | Elapsed: 2802.7s | Recent 20-Ep Avg Reward: 48.1
    [Progress] Steps: 1240000 | Elapsed: 2810.4s | Recent 20-Ep Avg Reward: 44.4
    [Progress] Steps: 1250000 | Elapsed: 2867.5s | Recent 20-Ep Avg Reward: 50.0
    [Progress] Steps: 1260000 | Elapsed: 2875.6s | Recent 20-Ep Avg Reward: 46.8
    [Progress] Steps: 1270000 | Elapsed: 2883.2s | Recent 20-Ep Avg Reward: 54.8
    [Progress] Steps: 1280000 | Elapsed: 2941.5s | Recent 20-Ep Avg Reward: 52.0
    [Progress] Steps: 1290000 | Elapsed: 2949.0s | Recent 20-Ep Avg Reward: 44.5
    [Progress] Steps: 1300000 | Elapsed: 2956.8s | Recent 20-Ep Avg Reward: 47.1
    [Progress] Steps: 1310000 | Elapsed: 2964.7s | Recent 20-Ep Avg Reward: 42.5
    [Progress] Steps: 1320000 | Elapsed: 3021.2s | Recent 20-Ep Avg Reward: 46.0
    [Progress] Steps: 1330000 | Elapsed: 3029.2s | Recent 20-Ep Avg Reward: 45.6
    [Progress] Steps: 1340000 | Elapsed: 3037.0s | Recent 20-Ep Avg Reward: 50.2
    [Progress] Steps: 1350000 | Elapsed: 3094.2s | Recent 20-Ep Avg Reward: 60.4
    [Progress] Steps: 1360000 | Elapsed: 3101.9s | Recent 20-Ep Avg Reward: 45.9
    [Progress] Steps: 1370000 | Elapsed: 3109.7s | Recent 20-Ep Avg Reward: 57.9
    [Progress] Steps: 1380000 | Elapsed: 3167.8s | Recent 20-Ep Avg Reward: 38.5
    [Progress] Steps: 1390000 | Elapsed: 3175.5s | Recent 20-Ep Avg Reward: 43.2
    [Progress] Steps: 1400000 | Elapsed: 3183.5s | Recent 20-Ep Avg Reward: 57.4
    [Progress] Steps: 1410000 | Elapsed: 3241.8s | Recent 20-Ep Avg Reward: 42.5
    [Progress] Steps: 1420000 | Elapsed: 3249.3s | Recent 20-Ep Avg Reward: 41.4
    [Progress] Steps: 1430000 | Elapsed: 3257.1s | Recent 20-Ep Avg Reward: 43.2
    [Progress] Steps: 1440000 | Elapsed: 3264.9s | Recent 20-Ep Avg Reward: 51.5
    [Progress] Steps: 1450000 | Elapsed: 3321.7s | Recent 20-Ep Avg Reward: 45.0
    [Progress] Steps: 1460000 | Elapsed: 3329.4s | Recent 20-Ep Avg Reward: 52.9
    [Progress] Steps: 1470000 | Elapsed: 3337.4s | Recent 20-Ep Avg Reward: 53.9
    [Progress] Steps: 1480000 | Elapsed: 3394.1s | Recent 20-Ep Avg Reward: 54.2
    [Progress] Steps: 1490000 | Elapsed: 3401.9s | Recent 20-Ep Avg Reward: 48.3
    [Progress] Steps: 1500000 | Elapsed: 3409.6s | Recent 20-Ep Avg Reward: 52.9
    [Progress] Steps: 1510000 | Elapsed: 3466.5s | Recent 20-Ep Avg Reward: 46.9
    [Progress] Steps: 1520000 | Elapsed: 3474.2s | Recent 20-Ep Avg Reward: 46.8
    [Progress] Steps: 1530000 | Elapsed: 3481.9s | Recent 20-Ep Avg Reward: 47.8
    [Progress] Steps: 1540000 | Elapsed: 3489.9s | Recent 20-Ep Avg Reward: 47.0
    [Progress] Steps: 1550000 | Elapsed: 3547.5s | Recent 20-Ep Avg Reward: 47.6
    [Progress] Steps: 1560000 | Elapsed: 3555.4s | Recent 20-Ep Avg Reward: 51.4
    [Progress] Steps: 1570000 | Elapsed: 3563.1s | Recent 20-Ep Avg Reward: 44.1
    [Progress] Steps: 1580000 | Elapsed: 3619.7s | Recent 20-Ep Avg Reward: 52.0
    [Progress] Steps: 1590000 | Elapsed: 3627.5s | Recent 20-Ep Avg Reward: 44.7
    [Progress] Steps: 1600000 | Elapsed: 3635.3s | Recent 20-Ep Avg Reward: 47.8
    [Progress] Steps: 1610000 | Elapsed: 3692.1s | Recent 20-Ep Avg Reward: 43.0
    [Progress] Steps: 1620000 | Elapsed: 3699.8s | Recent 20-Ep Avg Reward: 51.2
    [Progress] Steps: 1630000 | Elapsed: 3707.8s | Recent 20-Ep Avg Reward: 45.1
    [Progress] Steps: 1640000 | Elapsed: 3765.4s | Recent 20-Ep Avg Reward: 42.7
    [Progress] Steps: 1650000 | Elapsed: 3772.8s | Recent 20-Ep Avg Reward: 46.2
    [Progress] Steps: 1660000 | Elapsed: 3780.6s | Recent 20-Ep Avg Reward: 52.5
    [Progress] Steps: 1670000 | Elapsed: 3788.5s | Recent 20-Ep Avg Reward: 44.4
    [Progress] Steps: 1680000 | Elapsed: 3844.8s | Recent 20-Ep Avg Reward: 48.4
    [Progress] Steps: 1690000 | Elapsed: 3852.6s | Recent 20-Ep Avg Reward: 52.5
    [Progress] Steps: 1700000 | Elapsed: 3860.7s | Recent 20-Ep Avg Reward: 50.5
    [Progress] Steps: 1710000 | Elapsed: 3918.7s | Recent 20-Ep Avg Reward: 45.0
    [Progress] Steps: 1720000 | Elapsed: 3926.5s | Recent 20-Ep Avg Reward: 45.5
    [Progress] Steps: 1730000 | Elapsed: 3934.4s | Recent 20-Ep Avg Reward: 42.5
    [Progress] Steps: 1740000 | Elapsed: 3992.5s | Recent 20-Ep Avg Reward: 43.8
    [Progress] Steps: 1750000 | Elapsed: 4000.1s | Recent 20-Ep Avg Reward: 51.3
    [Progress] Steps: 1760000 | Elapsed: 4008.1s | Recent 20-Ep Avg Reward: 39.1
    [Progress] Steps: 1770000 | Elapsed: 4065.9s | Recent 20-Ep Avg Reward: 43.0
    [Progress] Steps: 1780000 | Elapsed: 4073.6s | Recent 20-Ep Avg Reward: 42.1
    [Progress] Steps: 1790000 | Elapsed: 4081.4s | Recent 20-Ep Avg Reward: 48.2
    [Progress] Steps: 1800000 | Elapsed: 4089.4s | Recent 20-Ep Avg Reward: 43.1
    [Progress] Steps: 1810000 | Elapsed: 4147.2s | Recent 20-Ep Avg Reward: 41.8
    [Progress] Steps: 1820000 | Elapsed: 4154.9s | Recent 20-Ep Avg Reward: 49.9
    [Progress] Steps: 1830000 | Elapsed: 4162.9s | Recent 20-Ep Avg Reward: 48.0
    [Progress] Steps: 1840000 | Elapsed: 4220.0s | Recent 20-Ep Avg Reward: 45.6
    [Progress] Steps: 1850000 | Elapsed: 4227.8s | Recent 20-Ep Avg Reward: 52.6
    [Progress] Steps: 1860000 | Elapsed: 4235.6s | Recent 20-Ep Avg Reward: 49.2
    [Progress] Steps: 1870000 | Elapsed: 4292.7s | Recent 20-Ep Avg Reward: 55.3
    [Progress] Steps: 1880000 | Elapsed: 4300.4s | Recent 20-Ep Avg Reward: 47.4
    [Progress] Steps: 1890000 | Elapsed: 4308.0s | Recent 20-Ep Avg Reward: 49.7
    [Progress] Steps: 1900000 | Elapsed: 4316.1s | Recent 20-Ep Avg Reward: 49.1
    [Progress] Steps: 1910000 | Elapsed: 4374.2s | Recent 20-Ep Avg Reward: 46.1
    [Progress] Steps: 1920000 | Elapsed: 4382.1s | Recent 20-Ep Avg Reward: 45.4
    [Progress] Steps: 1930000 | Elapsed: 4389.8s | Recent 20-Ep Avg Reward: 43.6
    [Progress] Steps: 1940000 | Elapsed: 4445.9s | Recent 20-Ep Avg Reward: 49.2
    [Progress] Steps: 1950000 | Elapsed: 4453.7s | Recent 20-Ep Avg Reward: 43.5
    [Progress] Steps: 1960000 | Elapsed: 4461.5s | Recent 20-Ep Avg Reward: 41.1
    [Progress] Steps: 1970000 | Elapsed: 4518.4s | Recent 20-Ep Avg Reward: 48.5
    [Progress] Steps: 1980000 | Elapsed: 4526.3s | Recent 20-Ep Avg Reward: 47.0
    [Progress] Steps: 1990000 | Elapsed: 4534.2s | Recent 20-Ep Avg Reward: 45.3
    [Progress] Steps: 2000000 | Elapsed: 4591.6s | Recent 20-Ep Avg Reward: 46.2
    [Progress] Steps: 2010000 | Elapsed: 4599.1s | Recent 20-Ep Avg Reward: 43.4
    [Progress] Steps: 2020000 | Elapsed: 4606.9s | Recent 20-Ep Avg Reward: 37.0
    [Progress] Steps: 2030000 | Elapsed: 4614.7s | Recent 20-Ep Avg Reward: 39.7
[*] Final Result for Seed 101: Stopped at 2031616 steps in 4666.06 seconds
[*] Data strictly saved to: ppo_results_seed_101\ppo_learning_curve.csv

--- Running Seed 102 (2/5) with 16 parallel workers ---
    [Progress] Steps: 10000 | Elapsed: 9.8s | Recent 20-Ep Avg Reward: 23.2
    [Progress] Steps: 20000 | Elapsed: 19.6s | Recent 20-Ep Avg Reward: 22.1
    [Progress] Steps: 30000 | Elapsed: 29.1s | Recent 20-Ep Avg Reward: 21.1
    [Progress] Steps: 40000 | Elapsed: 86.2s | Recent 20-Ep Avg Reward: 30.2
    [Progress] Steps: 50000 | Elapsed: 94.3s | Recent 20-Ep Avg Reward: 28.7
    [Progress] Steps: 60000 | Elapsed: 102.3s | Recent 20-Ep Avg Reward: 26.6
    [Progress] Steps: 70000 | Elapsed: 158.9s | Recent 20-Ep Avg Reward: 41.2
    [Progress] Steps: 80000 | Elapsed: 166.9s | Recent 20-Ep Avg Reward: 31.7
    [Progress] Steps: 90000 | Elapsed: 175.0s | Recent 20-Ep Avg Reward: 37.9
    [Progress] Steps: 100000 | Elapsed: 232.2s | Recent 20-Ep Avg Reward: 32.3
    [Progress] Steps: 110000 | Elapsed: 239.7s | Recent 20-Ep Avg Reward: 41.8
    [Progress] Steps: 120000 | Elapsed: 247.5s | Recent 20-Ep Avg Reward: 42.4
    [Progress] Steps: 130000 | Elapsed: 255.3s | Recent 20-Ep Avg Reward: 37.2
    [Progress] Steps: 140000 | Elapsed: 310.9s | Recent 20-Ep Avg Reward: 48.1
    [Progress] Steps: 150000 | Elapsed: 318.7s | Recent 20-Ep Avg Reward: 45.0
    [Progress] Steps: 160000 | Elapsed: 326.7s | Recent 20-Ep Avg Reward: 42.1
    [Progress] Steps: 170000 | Elapsed: 382.4s | Recent 20-Ep Avg Reward: 30.2
    [Progress] Steps: 180000 | Elapsed: 390.2s | Recent 20-Ep Avg Reward: 41.0
    [Progress] Steps: 190000 | Elapsed: 398.0s | Recent 20-Ep Avg Reward: 37.7
    [Progress] Steps: 200000 | Elapsed: 454.3s | Recent 20-Ep Avg Reward: 41.2
    [Progress] Steps: 210000 | Elapsed: 462.1s | Recent 20-Ep Avg Reward: 37.8
    [Progress] Steps: 220000 | Elapsed: 469.8s | Recent 20-Ep Avg Reward: 48.4
    [Progress] Steps: 230000 | Elapsed: 526.2s | Recent 20-Ep Avg Reward: 51.1
    [Progress] Steps: 240000 | Elapsed: 534.0s | Recent 20-Ep Avg Reward: 37.4
    [Progress] Steps: 250000 | Elapsed: 541.9s | Recent 20-Ep Avg Reward: 53.1
    [Progress] Steps: 260000 | Elapsed: 549.5s | Recent 20-Ep Avg Reward: 42.1
    [Progress] Steps: 270000 | Elapsed: 605.0s | Recent 20-Ep Avg Reward: 45.7
    [Progress] Steps: 280000 | Elapsed: 612.9s | Recent 20-Ep Avg Reward: 48.5
    [Progress] Steps: 290000 | Elapsed: 620.6s | Recent 20-Ep Avg Reward: 50.1
    [Progress] Steps: 300000 | Elapsed: 674.7s | Recent 20-Ep Avg Reward: 50.0
    [Progress] Steps: 310000 | Elapsed: 682.5s | Recent 20-Ep Avg Reward: 50.1
    [Progress] Steps: 320000 | Elapsed: 690.5s | Recent 20-Ep Avg Reward: 59.9
    [Progress] Steps: 330000 | Elapsed: 746.6s | Recent 20-Ep Avg Reward: 41.5
    [Progress] Steps: 340000 | Elapsed: 754.1s | Recent 20-Ep Avg Reward: 47.1
    [Progress] Steps: 350000 | Elapsed: 761.9s | Recent 20-Ep Avg Reward: 55.2
    [Progress] Steps: 360000 | Elapsed: 769.6s | Recent 20-Ep Avg Reward: 48.0
    [Progress] Steps: 370000 | Elapsed: 825.5s | Recent 20-Ep Avg Reward: 49.3
    [Progress] Steps: 380000 | Elapsed: 833.3s | Recent 20-Ep Avg Reward: 46.9
    [Progress] Steps: 390000 | Elapsed: 841.3s | Recent 20-Ep Avg Reward: 52.2
    [Progress] Steps: 400000 | Elapsed: 895.8s | Recent 20-Ep Avg Reward: 54.1
    [Progress] Steps: 410000 | Elapsed: 903.4s | Recent 20-Ep Avg Reward: 45.1
    [Progress] Steps: 420000 | Elapsed: 911.2s | Recent 20-Ep Avg Reward: 42.6
    [Progress] Steps: 430000 | Elapsed: 966.6s | Recent 20-Ep Avg Reward: 41.7
    [Progress] Steps: 440000 | Elapsed: 974.3s | Recent 20-Ep Avg Reward: 40.7
    [Progress] Steps: 450000 | Elapsed: 982.1s | Recent 20-Ep Avg Reward: 55.6
    [Progress] Steps: 460000 | Elapsed: 1038.6s | Recent 20-Ep Avg Reward: 52.0
    [Progress] Steps: 470000 | Elapsed: 1046.4s | Recent 20-Ep Avg Reward: 39.1
    [Progress] Steps: 480000 | Elapsed: 1054.2s | Recent 20-Ep Avg Reward: 56.2
    [Progress] Steps: 490000 | Elapsed: 1061.9s | Recent 20-Ep Avg Reward: 50.1
    [Progress] Steps: 500000 | Elapsed: 1117.9s | Recent 20-Ep Avg Reward: 43.0
    [Progress] Steps: 510000 | Elapsed: 1125.7s | Recent 20-Ep Avg Reward: 42.6
    [Progress] Steps: 520000 | Elapsed: 1133.4s | Recent 20-Ep Avg Reward: 42.0
    [Progress] Steps: 530000 | Elapsed: 1189.0s | Recent 20-Ep Avg Reward: 58.5
    [Progress] Steps: 540000 | Elapsed: 1196.9s | Recent 20-Ep Avg Reward: 51.6
    [Progress] Steps: 550000 | Elapsed: 1204.8s | Recent 20-Ep Avg Reward: 52.3
    [Progress] Steps: 560000 | Elapsed: 1261.2s | Recent 20-Ep Avg Reward: 42.5
    [Progress] Steps: 570000 | Elapsed: 1268.8s | Recent 20-Ep Avg Reward: 48.1
    [Progress] Steps: 580000 | Elapsed: 1276.6s | Recent 20-Ep Avg Reward: 46.8
    [Progress] Steps: 590000 | Elapsed: 1333.0s | Recent 20-Ep Avg Reward: 48.5
    [Progress] Steps: 600000 | Elapsed: 1340.5s | Recent 20-Ep Avg Reward: 62.1
    [Progress] Steps: 610000 | Elapsed: 1348.3s | Recent 20-Ep Avg Reward: 49.3
    [Progress] Steps: 620000 | Elapsed: 1356.3s | Recent 20-Ep Avg Reward: 41.3
    [Progress] Steps: 630000 | Elapsed: 1412.3s | Recent 20-Ep Avg Reward: 51.5
    [Progress] Steps: 640000 | Elapsed: 1419.9s | Recent 20-Ep Avg Reward: 45.0
    [Progress] Steps: 650000 | Elapsed: 1427.7s | Recent 20-Ep Avg Reward: 49.8
    [Progress] Steps: 660000 | Elapsed: 1483.4s | Recent 20-Ep Avg Reward: 46.5
    [Progress] Steps: 670000 | Elapsed: 1491.2s | Recent 20-Ep Avg Reward: 51.5
    [Progress] Steps: 680000 | Elapsed: 1498.9s | Recent 20-Ep Avg Reward: 61.2
    [Progress] Steps: 690000 | Elapsed: 1553.1s | Recent 20-Ep Avg Reward: 47.8
    [Progress] Steps: 700000 | Elapsed: 1560.9s | Recent 20-Ep Avg Reward: 43.2
    [Progress] Steps: 710000 | Elapsed: 1568.7s | Recent 20-Ep Avg Reward: 49.5
    [Progress] Steps: 720000 | Elapsed: 1576.4s | Recent 20-Ep Avg Reward: 58.0
    [Progress] Steps: 730000 | Elapsed: 1631.8s | Recent 20-Ep Avg Reward: 49.2
    [Progress] Steps: 740000 | Elapsed: 1639.7s | Recent 20-Ep Avg Reward: 52.6
    [Progress] Steps: 750000 | Elapsed: 1647.4s | Recent 20-Ep Avg Reward: 51.8
    [Progress] Steps: 760000 | Elapsed: 1702.1s | Recent 20-Ep Avg Reward: 45.4
    [Progress] Steps: 770000 | Elapsed: 1710.0s | Recent 20-Ep Avg Reward: 51.0
    [Progress] Steps: 780000 | Elapsed: 1718.0s | Recent 20-Ep Avg Reward: 57.9
    [Progress] Steps: 790000 | Elapsed: 1773.8s | Recent 20-Ep Avg Reward: 57.4
    [Progress] Steps: 800000 | Elapsed: 1781.4s | Recent 20-Ep Avg Reward: 46.0
    [Progress] Steps: 810000 | Elapsed: 1789.4s | Recent 20-Ep Avg Reward: 49.5
    [Progress] Steps: 820000 | Elapsed: 1845.0s | Recent 20-Ep Avg Reward: 45.3
    [Progress] Steps: 830000 | Elapsed: 1852.6s | Recent 20-Ep Avg Reward: 48.0
    [Progress] Steps: 840000 | Elapsed: 1860.3s | Recent 20-Ep Avg Reward: 46.5
    [Progress] Steps: 850000 | Elapsed: 1868.3s | Recent 20-Ep Avg Reward: 51.5
    [Progress] Steps: 860000 | Elapsed: 1924.0s | Recent 20-Ep Avg Reward: 46.9
    [Progress] Steps: 870000 | Elapsed: 1931.7s | Recent 20-Ep Avg Reward: 49.0
    [Progress] Steps: 880000 | Elapsed: 1939.5s | Recent 20-Ep Avg Reward: 43.2
    [Progress] Steps: 890000 | Elapsed: 1995.5s | Recent 20-Ep Avg Reward: 39.4
    [Progress] Steps: 900000 | Elapsed: 2003.2s | Recent 20-Ep Avg Reward: 50.0
    [Progress] Steps: 910000 | Elapsed: 2011.1s | Recent 20-Ep Avg Reward: 48.6
    [Progress] Steps: 920000 | Elapsed: 2067.0s | Recent 20-Ep Avg Reward: 42.5
    [Progress] Steps: 930000 | Elapsed: 2074.9s | Recent 20-Ep Avg Reward: 48.7
    [Progress] Steps: 940000 | Elapsed: 2082.7s | Recent 20-Ep Avg Reward: 43.8
    [Progress] Steps: 950000 | Elapsed: 2090.4s | Recent 20-Ep Avg Reward: 57.5
    [Progress] Steps: 960000 | Elapsed: 2146.1s | Recent 20-Ep Avg Reward: 50.2
    [Progress] Steps: 970000 | Elapsed: 2154.0s | Recent 20-Ep Avg Reward: 45.3
    [Progress] Steps: 980000 | Elapsed: 2161.7s | Recent 20-Ep Avg Reward: 47.3
    [Progress] Steps: 990000 | Elapsed: 2218.4s | Recent 20-Ep Avg Reward: 46.9
    [Progress] Steps: 1000000 | Elapsed: 2226.4s | Recent 20-Ep Avg Reward: 52.3
    [Progress] Steps: 1010000 | Elapsed: 2234.3s | Recent 20-Ep Avg Reward: 48.1
    [Progress] Steps: 1020000 | Elapsed: 2290.3s | Recent 20-Ep Avg Reward: 53.6
    [Progress] Steps: 1030000 | Elapsed: 2297.9s | Recent 20-Ep Avg Reward: 40.7
    [Progress] Steps: 1040000 | Elapsed: 2305.8s | Recent 20-Ep Avg Reward: 50.5
    [Progress] Steps: 1050000 | Elapsed: 2362.1s | Recent 20-Ep Avg Reward: 41.2
    [Progress] Steps: 1060000 | Elapsed: 2369.6s | Recent 20-Ep Avg Reward: 48.6
    [Progress] Steps: 1070000 | Elapsed: 2377.5s | Recent 20-Ep Avg Reward: 52.9
    [Progress] Steps: 1080000 | Elapsed: 2385.4s | Recent 20-Ep Avg Reward: 41.8
    [Progress] Steps: 1090000 | Elapsed: 2440.3s | Recent 20-Ep Avg Reward: 43.1
    [Progress] Steps: 1100000 | Elapsed: 2447.9s | Recent 20-Ep Avg Reward: 49.8
    [Progress] Steps: 1110000 | Elapsed: 2455.8s | Recent 20-Ep Avg Reward: 55.5
    [Progress] Steps: 1120000 | Elapsed: 2510.8s | Recent 20-Ep Avg Reward: 44.0
    [Progress] Steps: 1130000 | Elapsed: 2518.5s | Recent 20-Ep Avg Reward: 47.9
    [Progress] Steps: 1140000 | Elapsed: 2526.3s | Recent 20-Ep Avg Reward: 48.4
    [Progress] Steps: 1150000 | Elapsed: 2581.0s | Recent 20-Ep Avg Reward: 45.0
    [Progress] Steps: 1160000 | Elapsed: 2589.0s | Recent 20-Ep Avg Reward: 43.0
    [Progress] Steps: 1170000 | Elapsed: 2596.7s | Recent 20-Ep Avg Reward: 46.0
    [Progress] Steps: 1180000 | Elapsed: 2651.8s | Recent 20-Ep Avg Reward: 48.0
    [Progress] Steps: 1190000 | Elapsed: 2659.3s | Recent 20-Ep Avg Reward: 50.5
    [Progress] Steps: 1200000 | Elapsed: 2667.1s | Recent 20-Ep Avg Reward: 42.2
    [Progress] Steps: 1210000 | Elapsed: 2674.8s | Recent 20-Ep Avg Reward: 53.1
    [Progress] Steps: 1220000 | Elapsed: 2729.9s | Recent 20-Ep Avg Reward: 41.4
    [Progress] Steps: 1230000 | Elapsed: 2738.0s | Recent 20-Ep Avg Reward: 49.0
    [Progress] Steps: 1240000 | Elapsed: 2745.8s | Recent 20-Ep Avg Reward: 45.6
    [Progress] Steps: 1250000 | Elapsed: 2801.7s | Recent 20-Ep Avg Reward: 47.5
    [Progress] Steps: 1260000 | Elapsed: 2809.3s | Recent 20-Ep Avg Reward: 47.8
    [Progress] Steps: 1270000 | Elapsed: 2817.2s | Recent 20-Ep Avg Reward: 45.4
    [Progress] Steps: 1280000 | Elapsed: 2873.6s | Recent 20-Ep Avg Reward: 50.7
    [Progress] Steps: 1290000 | Elapsed: 2881.1s | Recent 20-Ep Avg Reward: 54.8
    [Progress] Steps: 1300000 | Elapsed: 2889.0s | Recent 20-Ep Avg Reward: 46.1
    [Progress] Steps: 1310000 | Elapsed: 2896.9s | Recent 20-Ep Avg Reward: 47.0
    [Progress] Steps: 1320000 | Elapsed: 2952.5s | Recent 20-Ep Avg Reward: 46.2
    [Progress] Steps: 1330000 | Elapsed: 2960.2s | Recent 20-Ep Avg Reward: 45.0
    [Progress] Steps: 1340000 | Elapsed: 2968.1s | Recent 20-Ep Avg Reward: 44.6
    [Progress] Steps: 1350000 | Elapsed: 3023.9s | Recent 20-Ep Avg Reward: 52.3
    [Progress] Steps: 1360000 | Elapsed: 3031.7s | Recent 20-Ep Avg Reward: 54.2
    [Progress] Steps: 1370000 | Elapsed: 3039.5s | Recent 20-Ep Avg Reward: 44.0
    [Progress] Steps: 1380000 | Elapsed: 3095.8s | Recent 20-Ep Avg Reward: 53.9
    [Progress] Steps: 1390000 | Elapsed: 3103.8s | Recent 20-Ep Avg Reward: 44.0
    [Progress] Steps: 1400000 | Elapsed: 3111.5s | Recent 20-Ep Avg Reward: 46.2
    [Progress] Steps: 1410000 | Elapsed: 3167.8s | Recent 20-Ep Avg Reward: 45.8
    [Progress] Steps: 1420000 | Elapsed: 3175.4s | Recent 20-Ep Avg Reward: 47.5
    [Progress] Steps: 1430000 | Elapsed: 3183.3s | Recent 20-Ep Avg Reward: 39.1
    [Progress] Steps: 1440000 | Elapsed: 3191.0s | Recent 20-Ep Avg Reward: 42.5
    [Progress] Steps: 1450000 | Elapsed: 3246.8s | Recent 20-Ep Avg Reward: 49.4
    [Progress] Steps: 1460000 | Elapsed: 3254.9s | Recent 20-Ep Avg Reward: 46.5
    [Progress] Steps: 1470000 | Elapsed: 3262.7s | Recent 20-Ep Avg Reward: 47.9
    [Progress] Steps: 1480000 | Elapsed: 3317.4s | Recent 20-Ep Avg Reward: 45.0
    [Progress] Steps: 1490000 | Elapsed: 3325.1s | Recent 20-Ep Avg Reward: 51.0
    [Progress] Steps: 1500000 | Elapsed: 3332.9s | Recent 20-Ep Avg Reward: 46.0
    [Progress] Steps: 1510000 | Elapsed: 3388.1s | Recent 20-Ep Avg Reward: 49.8
    [Progress] Steps: 1520000 | Elapsed: 3395.7s | Recent 20-Ep Avg Reward: 50.2
    [Progress] Steps: 1530000 | Elapsed: 3403.7s | Recent 20-Ep Avg Reward: 46.1
    [Progress] Steps: 1540000 | Elapsed: 3411.6s | Recent 20-Ep Avg Reward: 44.6
    [Progress] Steps: 1550000 | Elapsed: 3466.8s | Recent 20-Ep Avg Reward: 47.5
    [Progress] Steps: 1560000 | Elapsed: 3474.4s | Recent 20-Ep Avg Reward: 47.5
    [Progress] Steps: 1570000 | Elapsed: 3482.3s | Recent 20-Ep Avg Reward: 47.4
    [Progress] Steps: 1580000 | Elapsed: 3537.1s | Recent 20-Ep Avg Reward: 43.0
    [Progress] Steps: 1590000 | Elapsed: 3544.9s | Recent 20-Ep Avg Reward: 44.1
    [Progress] Steps: 1600000 | Elapsed: 3552.8s | Recent 20-Ep Avg Reward: 41.1
    [Progress] Steps: 1610000 | Elapsed: 3607.3s | Recent 20-Ep Avg Reward: 48.7
    [Progress] Steps: 1620000 | Elapsed: 3615.3s | Recent 20-Ep Avg Reward: 48.5
    [Progress] Steps: 1630000 | Elapsed: 3623.1s | Recent 20-Ep Avg Reward: 49.0
    [Progress] Steps: 1640000 | Elapsed: 3679.1s | Recent 20-Ep Avg Reward: 51.6
    [Progress] Steps: 1650000 | Elapsed: 3686.6s | Recent 20-Ep Avg Reward: 54.9
    [Progress] Steps: 1660000 | Elapsed: 3694.4s | Recent 20-Ep Avg Reward: 48.1
    [Progress] Steps: 1670000 | Elapsed: 3702.1s | Recent 20-Ep Avg Reward: 43.6
    [Progress] Steps: 1680000 | Elapsed: 3758.1s | Recent 20-Ep Avg Reward: 45.4
    [Progress] Steps: 1690000 | Elapsed: 3766.2s | Recent 20-Ep Avg Reward: 45.5
    [Progress] Steps: 1700000 | Elapsed: 3774.1s | Recent 20-Ep Avg Reward: 48.0
    [Progress] Steps: 1710000 | Elapsed: 3830.3s | Recent 20-Ep Avg Reward: 50.5
    [Progress] Steps: 1720000 | Elapsed: 3838.1s | Recent 20-Ep Avg Reward: 54.1
    [Progress] Steps: 1730000 | Elapsed: 3846.0s | Recent 20-Ep Avg Reward: 44.1
    [Progress] Steps: 1740000 | Elapsed: 3902.1s | Recent 20-Ep Avg Reward: 48.8
    [Progress] Steps: 1750000 | Elapsed: 3909.8s | Recent 20-Ep Avg Reward: 42.2
    [Progress] Steps: 1760000 | Elapsed: 3917.8s | Recent 20-Ep Avg Reward: 44.1
    [Progress] Steps: 1770000 | Elapsed: 3974.0s | Recent 20-Ep Avg Reward: 50.6
    [Progress] Steps: 1780000 | Elapsed: 3981.9s | Recent 20-Ep Avg Reward: 39.6
    [Progress] Steps: 1790000 | Elapsed: 3989.6s | Recent 20-Ep Avg Reward: 44.8
    [Progress] Steps: 1800000 | Elapsed: 3997.4s | Recent 20-Ep Avg Reward: 45.7
    [Progress] Steps: 1810000 | Elapsed: 4053.2s | Recent 20-Ep Avg Reward: 48.2
    [Progress] Steps: 1820000 | Elapsed: 4061.0s | Recent 20-Ep Avg Reward: 42.9
    [Progress] Steps: 1830000 | Elapsed: 4068.8s | Recent 20-Ep Avg Reward: 49.0
    [Progress] Steps: 1840000 | Elapsed: 4124.6s | Recent 20-Ep Avg Reward: 43.2
    [Progress] Steps: 1850000 | Elapsed: 4132.7s | Recent 20-Ep Avg Reward: 44.9
    [Progress] Steps: 1860000 | Elapsed: 4140.3s | Recent 20-Ep Avg Reward: 54.7
    [Progress] Steps: 1870000 | Elapsed: 4195.5s | Recent 20-Ep Avg Reward: 46.2
    [Progress] Steps: 1880000 | Elapsed: 4203.1s | Recent 20-Ep Avg Reward: 50.0
    [Progress] Steps: 1890000 | Elapsed: 4210.9s | Recent 20-Ep Avg Reward: 46.5
    [Progress] Steps: 1900000 | Elapsed: 4218.7s | Recent 20-Ep Avg Reward: 41.7
    [Progress] Steps: 1910000 | Elapsed: 4273.3s | Recent 20-Ep Avg Reward: 55.6
    [Progress] Steps: 1920000 | Elapsed: 4281.4s | Recent 20-Ep Avg Reward: 50.0
    [Progress] Steps: 1930000 | Elapsed: 4289.1s | Recent 20-Ep Avg Reward: 50.6
    [Progress] Steps: 1940000 | Elapsed: 4344.4s | Recent 20-Ep Avg Reward: 45.8
    [Progress] Steps: 1950000 | Elapsed: 4352.2s | Recent 20-Ep Avg Reward: 55.2
    [Progress] Steps: 1960000 | Elapsed: 4360.0s | Recent 20-Ep Avg Reward: 49.8
    [Progress] Steps: 1970000 | Elapsed: 4415.4s | Recent 20-Ep Avg Reward: 50.6
    [Progress] Steps: 1980000 | Elapsed: 4423.1s | Recent 20-Ep Avg Reward: 48.4
    [Progress] Steps: 1990000 | Elapsed: 4431.1s | Recent 20-Ep Avg Reward: 40.1
    [Progress] Steps: 2000000 | Elapsed: 4487.0s | Recent 20-Ep Avg Reward: 44.0
    [Progress] Steps: 2010000 | Elapsed: 4494.8s | Recent 20-Ep Avg Reward: 43.9
    [Progress] Steps: 2020000 | Elapsed: 4503.2s | Recent 20-Ep Avg Reward: 47.4
    [Progress] Steps: 2030000 | Elapsed: 4511.4s | Recent 20-Ep Avg Reward: 46.6
[*] Final Result for Seed 102: Stopped at 2031616 steps in 4564.90 seconds
[*] Data strictly saved to: ppo_results_seed_102\ppo_learning_curve.csv

--- Running Seed 103 (3/5) with 16 parallel workers ---
    [Progress] Steps: 10000 | Elapsed: 10.1s | Recent 20-Ep Avg Reward: 25.8
    [Progress] Steps: 20000 | Elapsed: 20.3s | Recent 20-Ep Avg Reward: 20.6
    [Progress] Steps: 30000 | Elapsed: 30.3s | Recent 20-Ep Avg Reward: 25.9
    [Progress] Steps: 40000 | Elapsed: 89.0s | Recent 20-Ep Avg Reward: 26.9
    [Progress] Steps: 50000 | Elapsed: 97.0s | Recent 20-Ep Avg Reward: 26.6
    [Progress] Steps: 60000 | Elapsed: 105.1s | Recent 20-Ep Avg Reward: 27.2
    [Progress] Steps: 70000 | Elapsed: 160.9s | Recent 20-Ep Avg Reward: 39.5
    [Progress] Steps: 80000 | Elapsed: 169.1s | Recent 20-Ep Avg Reward: 42.7
    [Progress] Steps: 90000 | Elapsed: 176.9s | Recent 20-Ep Avg Reward: 38.6
    [Progress] Steps: 100000 | Elapsed: 232.6s | Recent 20-Ep Avg Reward: 51.8
    [Progress] Steps: 110000 | Elapsed: 240.3s | Recent 20-Ep Avg Reward: 36.7
    [Progress] Steps: 120000 | Elapsed: 248.2s | Recent 20-Ep Avg Reward: 36.6
    [Progress] Steps: 130000 | Elapsed: 256.1s | Recent 20-Ep Avg Reward: 43.1
    [Progress] Steps: 140000 | Elapsed: 312.3s | Recent 20-Ep Avg Reward: 55.3
    [Progress] Steps: 150000 | Elapsed: 320.4s | Recent 20-Ep Avg Reward: 43.0
    [Progress] Steps: 160000 | Elapsed: 328.2s | Recent 20-Ep Avg Reward: 47.0
    [Progress] Steps: 170000 | Elapsed: 383.7s | Recent 20-Ep Avg Reward: 41.0
    [Progress] Steps: 180000 | Elapsed: 391.6s | Recent 20-Ep Avg Reward: 33.3
    [Progress] Steps: 190000 | Elapsed: 399.6s | Recent 20-Ep Avg Reward: 40.6
    [Progress] Steps: 200000 | Elapsed: 454.5s | Recent 20-Ep Avg Reward: 45.8
    [Progress] Steps: 210000 | Elapsed: 462.2s | Recent 20-Ep Avg Reward: 62.5
    [Progress] Steps: 220000 | Elapsed: 470.3s | Recent 20-Ep Avg Reward: 54.5
    [Progress] Steps: 230000 | Elapsed: 525.0s | Recent 20-Ep Avg Reward: 50.4
    [Progress] Steps: 240000 | Elapsed: 532.6s | Recent 20-Ep Avg Reward: 51.6
    [Progress] Steps: 250000 | Elapsed: 540.4s | Recent 20-Ep Avg Reward: 42.6
    [Progress] Steps: 260000 | Elapsed: 548.2s | Recent 20-Ep Avg Reward: 48.1
    [Progress] Steps: 270000 | Elapsed: 603.4s | Recent 20-Ep Avg Reward: 53.8
    [Progress] Steps: 280000 | Elapsed: 611.2s | Recent 20-Ep Avg Reward: 49.0
    [Progress] Steps: 290000 | Elapsed: 619.2s | Recent 20-Ep Avg Reward: 48.8
    [Progress] Steps: 300000 | Elapsed: 674.5s | Recent 20-Ep Avg Reward: 55.5
    [Progress] Steps: 310000 | Elapsed: 682.4s | Recent 20-Ep Avg Reward: 50.5
    [Progress] Steps: 320000 | Elapsed: 690.1s | Recent 20-Ep Avg Reward: 45.5
    [Progress] Steps: 330000 | Elapsed: 744.8s | Recent 20-Ep Avg Reward: 59.2
    [Progress] Steps: 340000 | Elapsed: 752.5s | Recent 20-Ep Avg Reward: 57.9
    [Progress] Steps: 350000 | Elapsed: 760.3s | Recent 20-Ep Avg Reward: 47.3
    [Progress] Steps: 360000 | Elapsed: 768.3s | Recent 20-Ep Avg Reward: 57.2
    [Progress] Steps: 370000 | Elapsed: 823.4s | Recent 20-Ep Avg Reward: 47.2
    [Progress] Steps: 380000 | Elapsed: 831.4s | Recent 20-Ep Avg Reward: 44.5
    [Progress] Steps: 390000 | Elapsed: 839.1s | Recent 20-Ep Avg Reward: 43.4
    [Progress] Steps: 400000 | Elapsed: 894.5s | Recent 20-Ep Avg Reward: 42.4
    [Progress] Steps: 410000 | Elapsed: 902.2s | Recent 20-Ep Avg Reward: 43.5
    [Progress] Steps: 420000 | Elapsed: 910.0s | Recent 20-Ep Avg Reward: 49.5
    [Progress] Steps: 430000 | Elapsed: 965.5s | Recent 20-Ep Avg Reward: 62.1
    [Progress] Steps: 440000 | Elapsed: 973.2s | Recent 20-Ep Avg Reward: 56.5
    [Progress] Steps: 450000 | Elapsed: 981.2s | Recent 20-Ep Avg Reward: 45.4
    [Progress] Steps: 460000 | Elapsed: 1037.1s | Recent 20-Ep Avg Reward: 46.4
    [Progress] Steps: 470000 | Elapsed: 1044.5s | Recent 20-Ep Avg Reward: 50.9
    [Progress] Steps: 480000 | Elapsed: 1052.3s | Recent 20-Ep Avg Reward: 44.6
    [Progress] Steps: 490000 | Elapsed: 1060.1s | Recent 20-Ep Avg Reward: 49.1
    [Progress] Steps: 500000 | Elapsed: 1116.2s | Recent 20-Ep Avg Reward: 40.3
    [Progress] Steps: 510000 | Elapsed: 1123.9s | Recent 20-Ep Avg Reward: 56.5
    [Progress] Steps: 520000 | Elapsed: 1132.0s | Recent 20-Ep Avg Reward: 51.0
    [Progress] Steps: 530000 | Elapsed: 1187.8s | Recent 20-Ep Avg Reward: 63.3
    [Progress] Steps: 540000 | Elapsed: 1195.5s | Recent 20-Ep Avg Reward: 46.4
    [Progress] Steps: 550000 | Elapsed: 1203.2s | Recent 20-Ep Avg Reward: 52.3
    [Progress] Steps: 560000 | Elapsed: 1258.8s | Recent 20-Ep Avg Reward: 51.7
    [Progress] Steps: 570000 | Elapsed: 1266.5s | Recent 20-Ep Avg Reward: 49.4
    [Progress] Steps: 580000 | Elapsed: 1274.2s | Recent 20-Ep Avg Reward: 51.5
    [Progress] Steps: 590000 | Elapsed: 1329.1s | Recent 20-Ep Avg Reward: 45.4
    [Progress] Steps: 600000 | Elapsed: 1337.0s | Recent 20-Ep Avg Reward: 49.8
    [Progress] Steps: 610000 | Elapsed: 1344.8s | Recent 20-Ep Avg Reward: 45.9
    [Progress] Steps: 620000 | Elapsed: 1352.6s | Recent 20-Ep Avg Reward: 45.6
    [Progress] Steps: 630000 | Elapsed: 1407.4s | Recent 20-Ep Avg Reward: 51.1
    [Progress] Steps: 640000 | Elapsed: 1415.2s | Recent 20-Ep Avg Reward: 49.2
    [Progress] Steps: 650000 | Elapsed: 1422.9s | Recent 20-Ep Avg Reward: 49.1
    [Progress] Steps: 660000 | Elapsed: 1480.6s | Recent 20-Ep Avg Reward: 44.7
    [Progress] Steps: 670000 | Elapsed: 1488.6s | Recent 20-Ep Avg Reward: 49.3
    [Progress] Steps: 680000 | Elapsed: 1496.3s | Recent 20-Ep Avg Reward: 44.9
    [Progress] Steps: 690000 | Elapsed: 1552.2s | Recent 20-Ep Avg Reward: 45.1
    [Progress] Steps: 700000 | Elapsed: 1560.0s | Recent 20-Ep Avg Reward: 51.1
    [Progress] Steps: 710000 | Elapsed: 1567.8s | Recent 20-Ep Avg Reward: 49.4
    [Progress] Steps: 720000 | Elapsed: 1575.7s | Recent 20-Ep Avg Reward: 53.3
    [Progress] Steps: 730000 | Elapsed: 1629.9s | Recent 20-Ep Avg Reward: 47.7
    [Progress] Steps: 740000 | Elapsed: 1638.0s | Recent 20-Ep Avg Reward: 47.6
    [Progress] Steps: 750000 | Elapsed: 1645.8s | Recent 20-Ep Avg Reward: 47.1
    [Progress] Steps: 760000 | Elapsed: 1701.4s | Recent 20-Ep Avg Reward: 48.2
    [Progress] Steps: 770000 | Elapsed: 1709.1s | Recent 20-Ep Avg Reward: 46.1
    [Progress] Steps: 780000 | Elapsed: 1716.9s | Recent 20-Ep Avg Reward: 47.6
    [Progress] Steps: 790000 | Elapsed: 1772.2s | Recent 20-Ep Avg Reward: 44.2
    [Progress] Steps: 800000 | Elapsed: 1779.9s | Recent 20-Ep Avg Reward: 46.4
    [Progress] Steps: 810000 | Elapsed: 1788.0s | Recent 20-Ep Avg Reward: 45.4
    [Progress] Steps: 820000 | Elapsed: 1843.7s | Recent 20-Ep Avg Reward: 42.6
    [Progress] Steps: 830000 | Elapsed: 1851.4s | Recent 20-Ep Avg Reward: 50.5
    [Progress] Steps: 840000 | Elapsed: 1859.1s | Recent 20-Ep Avg Reward: 53.3
    [Progress] Steps: 850000 | Elapsed: 1867.0s | Recent 20-Ep Avg Reward: 48.6
    [Progress] Steps: 860000 | Elapsed: 1922.9s | Recent 20-Ep Avg Reward: 44.2
    [Progress] Steps: 870000 | Elapsed: 1930.7s | Recent 20-Ep Avg Reward: 48.1
    [Progress] Steps: 880000 | Elapsed: 1938.7s | Recent 20-Ep Avg Reward: 49.0
    [Progress] Steps: 890000 | Elapsed: 1994.1s | Recent 20-Ep Avg Reward: 54.1
    [Progress] Steps: 900000 | Elapsed: 2002.1s | Recent 20-Ep Avg Reward: 47.3
    [Progress] Steps: 910000 | Elapsed: 2009.8s | Recent 20-Ep Avg Reward: 50.8
    [Progress] Steps: 920000 | Elapsed: 2066.0s | Recent 20-Ep Avg Reward: 46.8
    [Progress] Steps: 930000 | Elapsed: 2073.7s | Recent 20-Ep Avg Reward: 45.2
    [Progress] Steps: 940000 | Elapsed: 2081.5s | Recent 20-Ep Avg Reward: 54.2
    [Progress] Steps: 950000 | Elapsed: 2089.4s | Recent 20-Ep Avg Reward: 43.9
    [Progress] Steps: 960000 | Elapsed: 2144.5s | Recent 20-Ep Avg Reward: 53.6
    [Progress] Steps: 970000 | Elapsed: 2152.6s | Recent 20-Ep Avg Reward: 46.6
    [Progress] Steps: 980000 | Elapsed: 2160.3s | Recent 20-Ep Avg Reward: 48.8
    [Progress] Steps: 990000 | Elapsed: 2215.6s | Recent 20-Ep Avg Reward: 51.6
    [Progress] Steps: 1000000 | Elapsed: 2223.4s | Recent 20-Ep Avg Reward: 46.4
    [Progress] Steps: 1010000 | Elapsed: 2231.3s | Recent 20-Ep Avg Reward: 48.7
    [Progress] Steps: 1020000 | Elapsed: 2286.0s | Recent 20-Ep Avg Reward: 39.0
    [Progress] Steps: 1030000 | Elapsed: 2293.6s | Recent 20-Ep Avg Reward: 43.9
    [Progress] Steps: 1040000 | Elapsed: 2301.8s | Recent 20-Ep Avg Reward: 51.8
    [Progress] Steps: 1050000 | Elapsed: 2356.4s | Recent 20-Ep Avg Reward: 56.5
    [Progress] Steps: 1060000 | Elapsed: 2364.2s | Recent 20-Ep Avg Reward: 48.6
    [Progress] Steps: 1070000 | Elapsed: 2371.9s | Recent 20-Ep Avg Reward: 50.0
    [Progress] Steps: 1080000 | Elapsed: 2379.7s | Recent 20-Ep Avg Reward: 53.9
    [Progress] Steps: 1090000 | Elapsed: 2434.5s | Recent 20-Ep Avg Reward: 42.5
    [Progress] Steps: 1100000 | Elapsed: 2442.3s | Recent 20-Ep Avg Reward: 47.5
    [Progress] Steps: 1110000 | Elapsed: 2450.2s | Recent 20-Ep Avg Reward: 53.1
    [Progress] Steps: 1120000 | Elapsed: 2503.5s | Recent 20-Ep Avg Reward: 37.7
    [Progress] Steps: 1130000 | Elapsed: 2511.6s | Recent 20-Ep Avg Reward: 44.3
    [Progress] Steps: 1140000 | Elapsed: 2519.3s | Recent 20-Ep Avg Reward: 50.1
    [Progress] Steps: 1150000 | Elapsed: 2574.7s | Recent 20-Ep Avg Reward: 50.0
    [Progress] Steps: 1160000 | Elapsed: 2582.4s | Recent 20-Ep Avg Reward: 43.8
    [Progress] Steps: 1170000 | Elapsed: 2590.4s | Recent 20-Ep Avg Reward: 51.6
    [Progress] Steps: 1180000 | Elapsed: 2645.8s | Recent 20-Ep Avg Reward: 45.7
    [Progress] Steps: 1190000 | Elapsed: 2653.2s | Recent 20-Ep Avg Reward: 49.5
    [Progress] Steps: 1200000 | Elapsed: 2661.2s | Recent 20-Ep Avg Reward: 42.1
    [Progress] Steps: 1210000 | Elapsed: 2669.1s | Recent 20-Ep Avg Reward: 48.5
    [Progress] Steps: 1220000 | Elapsed: 2724.5s | Recent 20-Ep Avg Reward: 49.6
    [Progress] Steps: 1230000 | Elapsed: 2732.2s | Recent 20-Ep Avg Reward: 50.4
    [Progress] Steps: 1240000 | Elapsed: 2740.0s | Recent 20-Ep Avg Reward: 48.0
    [Progress] Steps: 1250000 | Elapsed: 2795.9s | Recent 20-Ep Avg Reward: 46.0
    [Progress] Steps: 1260000 | Elapsed: 2803.6s | Recent 20-Ep Avg Reward: 47.5
    [Progress] Steps: 1270000 | Elapsed: 2811.5s | Recent 20-Ep Avg Reward: 49.9
    [Progress] Steps: 1280000 | Elapsed: 2867.9s | Recent 20-Ep Avg Reward: 53.6
    [Progress] Steps: 1290000 | Elapsed: 2875.8s | Recent 20-Ep Avg Reward: 50.7
    [Progress] Steps: 1300000 | Elapsed: 2883.5s | Recent 20-Ep Avg Reward: 46.4
    [Progress] Steps: 1310000 | Elapsed: 2891.3s | Recent 20-Ep Avg Reward: 50.9
    [Progress] Steps: 1320000 | Elapsed: 2947.0s | Recent 20-Ep Avg Reward: 49.6
    [Progress] Steps: 1330000 | Elapsed: 2954.8s | Recent 20-Ep Avg Reward: 59.5
    [Progress] Steps: 1340000 | Elapsed: 2962.8s | Recent 20-Ep Avg Reward: 39.1
    [Progress] Steps: 1350000 | Elapsed: 3017.8s | Recent 20-Ep Avg Reward: 60.0
    [Progress] Steps: 1360000 | Elapsed: 3025.8s | Recent 20-Ep Avg Reward: 49.0
    [Progress] Steps: 1370000 | Elapsed: 3033.6s | Recent 20-Ep Avg Reward: 52.2
    [Progress] Steps: 1380000 | Elapsed: 3089.0s | Recent 20-Ep Avg Reward: 51.2
    [Progress] Steps: 1390000 | Elapsed: 3096.8s | Recent 20-Ep Avg Reward: 47.3
    [Progress] Steps: 1400000 | Elapsed: 3104.7s | Recent 20-Ep Avg Reward: 42.1
    [Progress] Steps: 1410000 | Elapsed: 3159.7s | Recent 20-Ep Avg Reward: 42.9
    [Progress] Steps: 1420000 | Elapsed: 3167.2s | Recent 20-Ep Avg Reward: 50.1
    [Progress] Steps: 1430000 | Elapsed: 3175.3s | Recent 20-Ep Avg Reward: 55.8
    [Progress] Steps: 1440000 | Elapsed: 3183.1s | Recent 20-Ep Avg Reward: 52.2
    [Progress] Steps: 1450000 | Elapsed: 3238.0s | Recent 20-Ep Avg Reward: 45.9
    [Progress] Steps: 1460000 | Elapsed: 3245.7s | Recent 20-Ep Avg Reward: 43.3
    [Progress] Steps: 1470000 | Elapsed: 3253.5s | Recent 20-Ep Avg Reward: 46.7
    [Progress] Steps: 1480000 | Elapsed: 3308.8s | Recent 20-Ep Avg Reward: 47.9
    [Progress] Steps: 1490000 | Elapsed: 3316.5s | Recent 20-Ep Avg Reward: 47.6
    [Progress] Steps: 1500000 | Elapsed: 3324.5s | Recent 20-Ep Avg Reward: 44.1
    [Progress] Steps: 1510000 | Elapsed: 3379.4s | Recent 20-Ep Avg Reward: 44.0
    [Progress] Steps: 1520000 | Elapsed: 3387.3s | Recent 20-Ep Avg Reward: 36.1
    [Progress] Steps: 1530000 | Elapsed: 3395.0s | Recent 20-Ep Avg Reward: 46.4
    [Progress] Steps: 1540000 | Elapsed: 3402.9s | Recent 20-Ep Avg Reward: 48.5
    [Progress] Steps: 1550000 | Elapsed: 3458.8s | Recent 20-Ep Avg Reward: 47.0
    [Progress] Steps: 1560000 | Elapsed: 3466.6s | Recent 20-Ep Avg Reward: 49.9
    [Progress] Steps: 1570000 | Elapsed: 3474.5s | Recent 20-Ep Avg Reward: 52.1
    [Progress] Steps: 1580000 | Elapsed: 3529.9s | Recent 20-Ep Avg Reward: 58.4
    [Progress] Steps: 1590000 | Elapsed: 3538.0s | Recent 20-Ep Avg Reward: 48.8
    [Progress] Steps: 1600000 | Elapsed: 3545.7s | Recent 20-Ep Avg Reward: 42.5
    [Progress] Steps: 1610000 | Elapsed: 3601.5s | Recent 20-Ep Avg Reward: 46.5
    [Progress] Steps: 1620000 | Elapsed: 3609.4s | Recent 20-Ep Avg Reward: 43.8
    [Progress] Steps: 1630000 | Elapsed: 3617.2s | Recent 20-Ep Avg Reward: 53.0
    [Progress] Steps: 1640000 | Elapsed: 3673.4s | Recent 20-Ep Avg Reward: 49.2
    [Progress] Steps: 1650000 | Elapsed: 3680.9s | Recent 20-Ep Avg Reward: 46.8
    [Progress] Steps: 1660000 | Elapsed: 3689.2s | Recent 20-Ep Avg Reward: 53.2
    [Progress] Steps: 1670000 | Elapsed: 3696.9s | Recent 20-Ep Avg Reward: 54.7
    [Progress] Steps: 1680000 | Elapsed: 3753.0s | Recent 20-Ep Avg Reward: 41.3
    [Progress] Steps: 1690000 | Elapsed: 3760.8s | Recent 20-Ep Avg Reward: 46.9
    [Progress] Steps: 1700000 | Elapsed: 3768.7s | Recent 20-Ep Avg Reward: 40.4
    [Progress] Steps: 1710000 | Elapsed: 3824.7s | Recent 20-Ep Avg Reward: 45.0
    [Progress] Steps: 1720000 | Elapsed: 3832.5s | Recent 20-Ep Avg Reward: 50.9
    [Progress] Steps: 1730000 | Elapsed: 3840.5s | Recent 20-Ep Avg Reward: 46.2
    [Progress] Steps: 1740000 | Elapsed: 3894.8s | Recent 20-Ep Avg Reward: 40.5
    [Progress] Steps: 1750000 | Elapsed: 3902.8s | Recent 20-Ep Avg Reward: 44.4
    [Progress] Steps: 1760000 | Elapsed: 3910.6s | Recent 20-Ep Avg Reward: 50.5
    [Progress] Steps: 1770000 | Elapsed: 3965.3s | Recent 20-Ep Avg Reward: 50.6
    [Progress] Steps: 1780000 | Elapsed: 3972.8s | Recent 20-Ep Avg Reward: 54.5
    [Progress] Steps: 1790000 | Elapsed: 3980.6s | Recent 20-Ep Avg Reward: 50.0
    [Progress] Steps: 1800000 | Elapsed: 3988.6s | Recent 20-Ep Avg Reward: 44.2
    [Progress] Steps: 1810000 | Elapsed: 4042.6s | Recent 20-Ep Avg Reward: 41.5
    [Progress] Steps: 1820000 | Elapsed: 4050.7s | Recent 20-Ep Avg Reward: 43.4
    [Progress] Steps: 1830000 | Elapsed: 4058.4s | Recent 20-Ep Avg Reward: 54.6
    [Progress] Steps: 1840000 | Elapsed: 4112.6s | Recent 20-Ep Avg Reward: 47.8
    [Progress] Steps: 1850000 | Elapsed: 4120.4s | Recent 20-Ep Avg Reward: 42.7
    [Progress] Steps: 1860000 | Elapsed: 4128.3s | Recent 20-Ep Avg Reward: 45.1
    [Progress] Steps: 1870000 | Elapsed: 4183.3s | Recent 20-Ep Avg Reward: 45.4
    [Progress] Steps: 1880000 | Elapsed: 4190.8s | Recent 20-Ep Avg Reward: 47.9
    [Progress] Steps: 1890000 | Elapsed: 4198.9s | Recent 20-Ep Avg Reward: 48.0
    [Progress] Steps: 1900000 | Elapsed: 4206.7s | Recent 20-Ep Avg Reward: 50.1
    [Progress] Steps: 1910000 | Elapsed: 4261.4s | Recent 20-Ep Avg Reward: 44.1
    [Progress] Steps: 1920000 | Elapsed: 4269.2s | Recent 20-Ep Avg Reward: 45.5
    [Progress] Steps: 1930000 | Elapsed: 4277.1s | Recent 20-Ep Avg Reward: 50.8
    [Progress] Steps: 1940000 | Elapsed: 4332.3s | Recent 20-Ep Avg Reward: 43.7
    [Progress] Steps: 1950000 | Elapsed: 4340.0s | Recent 20-Ep Avg Reward: 50.8
    [Progress] Steps: 1960000 | Elapsed: 4348.1s | Recent 20-Ep Avg Reward: 44.0
    [Progress] Steps: 1970000 | Elapsed: 4403.0s | Recent 20-Ep Avg Reward: 45.4
    [Progress] Steps: 1980000 | Elapsed: 4411.0s | Recent 20-Ep Avg Reward: 44.0
    [Progress] Steps: 1990000 | Elapsed: 4418.9s | Recent 20-Ep Avg Reward: 45.0
    [Progress] Steps: 2000000 | Elapsed: 4474.9s | Recent 20-Ep Avg Reward: 50.4
    [Progress] Steps: 2010000 | Elapsed: 4482.5s | Recent 20-Ep Avg Reward: 43.1
    [Progress] Steps: 2020000 | Elapsed: 4490.3s | Recent 20-Ep Avg Reward: 41.8
    [Progress] Steps: 2030000 | Elapsed: 4498.3s | Recent 20-Ep Avg Reward: 49.4
[*] Final Result for Seed 103: Stopped at 2031616 steps in 4548.16 seconds
[*] Data strictly saved to: ppo_results_seed_103\ppo_learning_curve.csv

--- Running Seed 104 (4/5) with 16 parallel workers ---
    [Progress] Steps: 10000 | Elapsed: 9.6s | Recent 20-Ep Avg Reward: 22.4
    [Progress] Steps: 20000 | Elapsed: 18.8s | Recent 20-Ep Avg Reward: 20.9
    [Progress] Steps: 30000 | Elapsed: 27.9s | Recent 20-Ep Avg Reward: 24.1
    [Progress] Steps: 40000 | Elapsed: 84.2s | Recent 20-Ep Avg Reward: 36.4
    [Progress] Steps: 50000 | Elapsed: 92.5s | Recent 20-Ep Avg Reward: 29.0
    [Progress] Steps: 60000 | Elapsed: 100.7s | Recent 20-Ep Avg Reward: 27.9
    [Progress] Steps: 70000 | Elapsed: 157.0s | Recent 20-Ep Avg Reward: 32.8
    [Progress] Steps: 80000 | Elapsed: 165.0s | Recent 20-Ep Avg Reward: 41.8
    [Progress] Steps: 90000 | Elapsed: 173.0s | Recent 20-Ep Avg Reward: 33.9
    [Progress] Steps: 100000 | Elapsed: 228.9s | Recent 20-Ep Avg Reward: 47.9
    [Progress] Steps: 110000 | Elapsed: 236.6s | Recent 20-Ep Avg Reward: 41.6
    [Progress] Steps: 120000 | Elapsed: 244.4s | Recent 20-Ep Avg Reward: 47.8
    [Progress] Steps: 130000 | Elapsed: 252.6s | Recent 20-Ep Avg Reward: 28.6
    [Progress] Steps: 140000 | Elapsed: 307.8s | Recent 20-Ep Avg Reward: 53.8
    [Progress] Steps: 150000 | Elapsed: 315.7s | Recent 20-Ep Avg Reward: 40.1
    [Progress] Steps: 160000 | Elapsed: 323.5s | Recent 20-Ep Avg Reward: 54.5
    [Progress] Steps: 170000 | Elapsed: 378.4s | Recent 20-Ep Avg Reward: 64.8
    [Progress] Steps: 180000 | Elapsed: 386.3s | Recent 20-Ep Avg Reward: 43.0
    [Progress] Steps: 190000 | Elapsed: 394.0s | Recent 20-Ep Avg Reward: 36.9
    [Progress] Steps: 200000 | Elapsed: 449.0s | Recent 20-Ep Avg Reward: 46.9
    [Progress] Steps: 210000 | Elapsed: 456.7s | Recent 20-Ep Avg Reward: 44.5
    [Progress] Steps: 220000 | Elapsed: 464.7s | Recent 20-Ep Avg Reward: 45.2
    [Progress] Steps: 230000 | Elapsed: 520.4s | Recent 20-Ep Avg Reward: 45.9
    [Progress] Steps: 240000 | Elapsed: 527.7s | Recent 20-Ep Avg Reward: 50.8
    [Progress] Steps: 250000 | Elapsed: 535.5s | Recent 20-Ep Avg Reward: 52.0
    [Progress] Steps: 260000 | Elapsed: 543.2s | Recent 20-Ep Avg Reward: 51.0
    [Progress] Steps: 270000 | Elapsed: 598.4s | Recent 20-Ep Avg Reward: 45.9
    [Progress] Steps: 280000 | Elapsed: 606.3s | Recent 20-Ep Avg Reward: 47.9
    [Progress] Steps: 290000 | Elapsed: 614.2s | Recent 20-Ep Avg Reward: 40.8
    [Progress] Steps: 300000 | Elapsed: 670.1s | Recent 20-Ep Avg Reward: 47.5
    [Progress] Steps: 310000 | Elapsed: 677.7s | Recent 20-Ep Avg Reward: 47.2
    [Progress] Steps: 320000 | Elapsed: 685.5s | Recent 20-Ep Avg Reward: 50.4
    [Progress] Steps: 330000 | Elapsed: 741.9s | Recent 20-Ep Avg Reward: 47.0
    [Progress] Steps: 340000 | Elapsed: 749.5s | Recent 20-Ep Avg Reward: 45.1
    [Progress] Steps: 350000 | Elapsed: 757.3s | Recent 20-Ep Avg Reward: 50.4
    [Progress] Steps: 360000 | Elapsed: 765.3s | Recent 20-Ep Avg Reward: 53.2
    [Progress] Steps: 370000 | Elapsed: 821.2s | Recent 20-Ep Avg Reward: 44.8
    [Progress] Steps: 380000 | Elapsed: 828.8s | Recent 20-Ep Avg Reward: 55.1
    [Progress] Steps: 390000 | Elapsed: 836.6s | Recent 20-Ep Avg Reward: 53.3
    [Progress] Steps: 400000 | Elapsed: 892.3s | Recent 20-Ep Avg Reward: 39.7
    [Progress] Steps: 410000 | Elapsed: 900.0s | Recent 20-Ep Avg Reward: 54.0
    [Progress] Steps: 420000 | Elapsed: 907.9s | Recent 20-Ep Avg Reward: 39.1
    [Progress] Steps: 430000 | Elapsed: 963.3s | Recent 20-Ep Avg Reward: 49.8
    [Progress] Steps: 440000 | Elapsed: 971.2s | Recent 20-Ep Avg Reward: 47.7
    [Progress] Steps: 450000 | Elapsed: 978.9s | Recent 20-Ep Avg Reward: 57.2
    [Progress] Steps: 460000 | Elapsed: 1035.1s | Recent 20-Ep Avg Reward: 52.5
    [Progress] Steps: 470000 | Elapsed: 1042.7s | Recent 20-Ep Avg Reward: 43.9
    [Progress] Steps: 480000 | Elapsed: 1050.4s | Recent 20-Ep Avg Reward: 61.0
    [Progress] Steps: 490000 | Elapsed: 1058.3s | Recent 20-Ep Avg Reward: 51.0
    [Progress] Steps: 500000 | Elapsed: 1113.1s | Recent 20-Ep Avg Reward: 38.2
    [Progress] Steps: 510000 | Elapsed: 1121.1s | Recent 20-Ep Avg Reward: 56.9
    [Progress] Steps: 520000 | Elapsed: 1128.8s | Recent 20-Ep Avg Reward: 52.4
    [Progress] Steps: 530000 | Elapsed: 1184.2s | Recent 20-Ep Avg Reward: 44.5
    [Progress] Steps: 540000 | Elapsed: 1192.1s | Recent 20-Ep Avg Reward: 52.8
    [Progress] Steps: 550000 | Elapsed: 1199.8s | Recent 20-Ep Avg Reward: 38.2
    [Progress] Steps: 560000 | Elapsed: 1254.4s | Recent 20-Ep Avg Reward: 49.8
    [Progress] Steps: 570000 | Elapsed: 1262.1s | Recent 20-Ep Avg Reward: 52.6
    [Progress] Steps: 580000 | Elapsed: 1270.1s | Recent 20-Ep Avg Reward: 54.8
    [Progress] Steps: 590000 | Elapsed: 1326.1s | Recent 20-Ep Avg Reward: 50.0
    [Progress] Steps: 600000 | Elapsed: 1333.4s | Recent 20-Ep Avg Reward: 42.4
    [Progress] Steps: 610000 | Elapsed: 1341.2s | Recent 20-Ep Avg Reward: 54.7
    [Progress] Steps: 620000 | Elapsed: 1349.0s | Recent 20-Ep Avg Reward: 55.0
    [Progress] Steps: 630000 | Elapsed: 1404.0s | Recent 20-Ep Avg Reward: 59.1
    [Progress] Steps: 640000 | Elapsed: 1411.8s | Recent 20-Ep Avg Reward: 44.8
    [Progress] Steps: 650000 | Elapsed: 1419.8s | Recent 20-Ep Avg Reward: 53.7
    [Progress] Steps: 660000 | Elapsed: 1474.4s | Recent 20-Ep Avg Reward: 46.9
    [Progress] Steps: 670000 | Elapsed: 1482.0s | Recent 20-Ep Avg Reward: 51.4
    [Progress] Steps: 680000 | Elapsed: 1489.8s | Recent 20-Ep Avg Reward: 49.8
    [Progress] Steps: 690000 | Elapsed: 1544.9s | Recent 20-Ep Avg Reward: 55.5
    [Progress] Steps: 700000 | Elapsed: 1552.5s | Recent 20-Ep Avg Reward: 49.0
    [Progress] Steps: 710000 | Elapsed: 1560.2s | Recent 20-Ep Avg Reward: 50.5
    [Progress] Steps: 720000 | Elapsed: 1568.3s | Recent 20-Ep Avg Reward: 48.5
    [Progress] Steps: 730000 | Elapsed: 1623.3s | Recent 20-Ep Avg Reward: 47.6
    [Progress] Steps: 740000 | Elapsed: 1631.1s | Recent 20-Ep Avg Reward: 43.1
    [Progress] Steps: 750000 | Elapsed: 1638.8s | Recent 20-Ep Avg Reward: 44.2
    [Progress] Steps: 760000 | Elapsed: 1694.9s | Recent 20-Ep Avg Reward: 49.3
    [Progress] Steps: 770000 | Elapsed: 1702.7s | Recent 20-Ep Avg Reward: 46.4
    [Progress] Steps: 780000 | Elapsed: 1710.5s | Recent 20-Ep Avg Reward: 44.2
    [Progress] Steps: 790000 | Elapsed: 1765.8s | Recent 20-Ep Avg Reward: 50.4
    [Progress] Steps: 800000 | Elapsed: 1773.8s | Recent 20-Ep Avg Reward: 45.1
    [Progress] Steps: 810000 | Elapsed: 1781.5s | Recent 20-Ep Avg Reward: 46.2
    [Progress] Steps: 820000 | Elapsed: 1837.8s | Recent 20-Ep Avg Reward: 50.1
    [Progress] Steps: 830000 | Elapsed: 1845.2s | Recent 20-Ep Avg Reward: 45.1
    [Progress] Steps: 840000 | Elapsed: 1853.1s | Recent 20-Ep Avg Reward: 49.8
    [Progress] Steps: 850000 | Elapsed: 1860.9s | Recent 20-Ep Avg Reward: 45.7
    [Progress] Steps: 860000 | Elapsed: 1917.0s | Recent 20-Ep Avg Reward: 46.4
    [Progress] Steps: 870000 | Elapsed: 1925.0s | Recent 20-Ep Avg Reward: 46.6
    [Progress] Steps: 880000 | Elapsed: 1932.9s | Recent 20-Ep Avg Reward: 45.0
    [Progress] Steps: 890000 | Elapsed: 1988.4s | Recent 20-Ep Avg Reward: 50.2
    [Progress] Steps: 900000 | Elapsed: 1996.2s | Recent 20-Ep Avg Reward: 47.8
    [Progress] Steps: 910000 | Elapsed: 2004.0s | Recent 20-Ep Avg Reward: 52.6
    [Progress] Steps: 920000 | Elapsed: 2059.8s | Recent 20-Ep Avg Reward: 44.8
    [Progress] Steps: 930000 | Elapsed: 2067.3s | Recent 20-Ep Avg Reward: 60.0
    [Progress] Steps: 940000 | Elapsed: 2075.3s | Recent 20-Ep Avg Reward: 47.2
    [Progress] Steps: 950000 | Elapsed: 2083.2s | Recent 20-Ep Avg Reward: 40.8
    [Progress] Steps: 960000 | Elapsed: 2138.4s | Recent 20-Ep Avg Reward: 55.9
    [Progress] Steps: 970000 | Elapsed: 2146.2s | Recent 20-Ep Avg Reward: 49.2
    [Progress] Steps: 980000 | Elapsed: 2154.0s | Recent 20-Ep Avg Reward: 46.0
    [Progress] Steps: 990000 | Elapsed: 2209.4s | Recent 20-Ep Avg Reward: 43.4
    [Progress] Steps: 1000000 | Elapsed: 2217.1s | Recent 20-Ep Avg Reward: 43.1
    [Progress] Steps: 1010000 | Elapsed: 2225.1s | Recent 20-Ep Avg Reward: 50.5
    [Progress] Steps: 1020000 | Elapsed: 2280.0s | Recent 20-Ep Avg Reward: 51.6
    [Progress] Steps: 1030000 | Elapsed: 2287.8s | Recent 20-Ep Avg Reward: 46.3
    [Progress] Steps: 1040000 | Elapsed: 2295.5s | Recent 20-Ep Avg Reward: 51.0
    [Progress] Steps: 1050000 | Elapsed: 2351.0s | Recent 20-Ep Avg Reward: 48.9
    [Progress] Steps: 1060000 | Elapsed: 2358.6s | Recent 20-Ep Avg Reward: 45.0
    [Progress] Steps: 1070000 | Elapsed: 2366.3s | Recent 20-Ep Avg Reward: 50.0
    [Progress] Steps: 1080000 | Elapsed: 2374.4s | Recent 20-Ep Avg Reward: 52.0
    [Progress] Steps: 1090000 | Elapsed: 2428.9s | Recent 20-Ep Avg Reward: 46.4
    [Progress] Steps: 1100000 | Elapsed: 2436.7s | Recent 20-Ep Avg Reward: 52.8
    [Progress] Steps: 1110000 | Elapsed: 2444.5s | Recent 20-Ep Avg Reward: 54.2
    [Progress] Steps: 1120000 | Elapsed: 2500.3s | Recent 20-Ep Avg Reward: 55.9
    [Progress] Steps: 1130000 | Elapsed: 2508.2s | Recent 20-Ep Avg Reward: 49.7
    [Progress] Steps: 1140000 | Elapsed: 2515.9s | Recent 20-Ep Avg Reward: 46.5
    [Progress] Steps: 1150000 | Elapsed: 2571.8s | Recent 20-Ep Avg Reward: 45.0
    [Progress] Steps: 1160000 | Elapsed: 2579.8s | Recent 20-Ep Avg Reward: 51.1
    [Progress] Steps: 1170000 | Elapsed: 2587.7s | Recent 20-Ep Avg Reward: 54.0
    [Progress] Steps: 1180000 | Elapsed: 2643.6s | Recent 20-Ep Avg Reward: 45.6
    [Progress] Steps: 1190000 | Elapsed: 2651.2s | Recent 20-Ep Avg Reward: 47.6
    [Progress] Steps: 1200000 | Elapsed: 2659.0s | Recent 20-Ep Avg Reward: 50.4
    [Progress] Steps: 1210000 | Elapsed: 2666.7s | Recent 20-Ep Avg Reward: 49.2
    [Progress] Steps: 1220000 | Elapsed: 2722.7s | Recent 20-Ep Avg Reward: 45.6
    [Progress] Steps: 1230000 | Elapsed: 2730.7s | Recent 20-Ep Avg Reward: 48.6
    [Progress] Steps: 1240000 | Elapsed: 2738.5s | Recent 20-Ep Avg Reward: 52.4
    [Progress] Steps: 1250000 | Elapsed: 2794.6s | Recent 20-Ep Avg Reward: 44.6
    [Progress] Steps: 1260000 | Elapsed: 2802.3s | Recent 20-Ep Avg Reward: 45.9
    [Progress] Steps: 1270000 | Elapsed: 2810.2s | Recent 20-Ep Avg Reward: 49.2
    [Progress] Steps: 1280000 | Elapsed: 2866.0s | Recent 20-Ep Avg Reward: 40.0
    [Progress] Steps: 1290000 | Elapsed: 2873.5s | Recent 20-Ep Avg Reward: 44.3
    [Progress] Steps: 1300000 | Elapsed: 2881.5s | Recent 20-Ep Avg Reward: 52.7
    [Progress] Steps: 1310000 | Elapsed: 2889.4s | Recent 20-Ep Avg Reward: 44.7
    [Progress] Steps: 1320000 | Elapsed: 2944.5s | Recent 20-Ep Avg Reward: 45.6
    [Progress] Steps: 1330000 | Elapsed: 2952.3s | Recent 20-Ep Avg Reward: 44.1
    [Progress] Steps: 1340000 | Elapsed: 2960.1s | Recent 20-Ep Avg Reward: 49.6
    [Progress] Steps: 1350000 | Elapsed: 3014.7s | Recent 20-Ep Avg Reward: 46.6
    [Progress] Steps: 1360000 | Elapsed: 3022.4s | Recent 20-Ep Avg Reward: 44.3
    [Progress] Steps: 1370000 | Elapsed: 3030.4s | Recent 20-Ep Avg Reward: 49.4
    [Progress] Steps: 1380000 | Elapsed: 3085.3s | Recent 20-Ep Avg Reward: 47.5
    [Progress] Steps: 1390000 | Elapsed: 3093.1s | Recent 20-Ep Avg Reward: 48.5
    [Progress] Steps: 1400000 | Elapsed: 3100.8s | Recent 20-Ep Avg Reward: 53.7
    [Progress] Steps: 1410000 | Elapsed: 3155.2s | Recent 20-Ep Avg Reward: 43.5
    [Progress] Steps: 1420000 | Elapsed: 3162.9s | Recent 20-Ep Avg Reward: 43.8
    [Progress] Steps: 1430000 | Elapsed: 3170.6s | Recent 20-Ep Avg Reward: 47.5
    [Progress] Steps: 1440000 | Elapsed: 3178.7s | Recent 20-Ep Avg Reward: 46.6
    [Progress] Steps: 1450000 | Elapsed: 3233.6s | Recent 20-Ep Avg Reward: 46.5
    [Progress] Steps: 1460000 | Elapsed: 3241.5s | Recent 20-Ep Avg Reward: 44.9
    [Progress] Steps: 1470000 | Elapsed: 3249.3s | Recent 20-Ep Avg Reward: 49.1
    [Progress] Steps: 1480000 | Elapsed: 3304.6s | Recent 20-Ep Avg Reward: 48.5
    [Progress] Steps: 1490000 | Elapsed: 3312.5s | Recent 20-Ep Avg Reward: 42.5
    [Progress] Steps: 1500000 | Elapsed: 3320.2s | Recent 20-Ep Avg Reward: 46.2
    [Progress] Steps: 1510000 | Elapsed: 3375.8s | Recent 20-Ep Avg Reward: 40.5
    [Progress] Steps: 1520000 | Elapsed: 3383.6s | Recent 20-Ep Avg Reward: 48.0
    [Progress] Steps: 1530000 | Elapsed: 3391.7s | Recent 20-Ep Avg Reward: 47.7
    [Progress] Steps: 1540000 | Elapsed: 3399.6s | Recent 20-Ep Avg Reward: 55.1
    [Progress] Steps: 1550000 | Elapsed: 3456.9s | Recent 20-Ep Avg Reward: 45.0
    [Progress] Steps: 1560000 | Elapsed: 3464.9s | Recent 20-Ep Avg Reward: 44.5
    [Progress] Steps: 1570000 | Elapsed: 3472.9s | Recent 20-Ep Avg Reward: 42.9
    [Progress] Steps: 1580000 | Elapsed: 3530.9s | Recent 20-Ep Avg Reward: 48.3
    [Progress] Steps: 1590000 | Elapsed: 3538.9s | Recent 20-Ep Avg Reward: 42.7
    [Progress] Steps: 1600000 | Elapsed: 3546.9s | Recent 20-Ep Avg Reward: 48.0
    [Progress] Steps: 1610000 | Elapsed: 3603.7s | Recent 20-Ep Avg Reward: 51.0
    [Progress] Steps: 1620000 | Elapsed: 3611.7s | Recent 20-Ep Avg Reward: 48.9
    [Progress] Steps: 1630000 | Elapsed: 3619.6s | Recent 20-Ep Avg Reward: 47.4
    [Progress] Steps: 1640000 | Elapsed: 3676.5s | Recent 20-Ep Avg Reward: 49.0
    [Progress] Steps: 1650000 | Elapsed: 3684.3s | Recent 20-Ep Avg Reward: 52.5
    [Progress] Steps: 1660000 | Elapsed: 3692.2s | Recent 20-Ep Avg Reward: 41.5
    [Progress] Steps: 1670000 | Elapsed: 3700.2s | Recent 20-Ep Avg Reward: 47.6
    [Progress] Steps: 1680000 | Elapsed: 3757.2s | Recent 20-Ep Avg Reward: 44.9
    [Progress] Steps: 1690000 | Elapsed: 3765.1s | Recent 20-Ep Avg Reward: 60.0
    [Progress] Steps: 1700000 | Elapsed: 3773.2s | Recent 20-Ep Avg Reward: 44.5
    [Progress] Steps: 1710000 | Elapsed: 3828.6s | Recent 20-Ep Avg Reward: 47.2
    [Progress] Steps: 1720000 | Elapsed: 3836.7s | Recent 20-Ep Avg Reward: 48.8
    [Progress] Steps: 1730000 | Elapsed: 3844.7s | Recent 20-Ep Avg Reward: 51.3
    [Progress] Steps: 1740000 | Elapsed: 3902.0s | Recent 20-Ep Avg Reward: 47.1
    [Progress] Steps: 1750000 | Elapsed: 3909.9s | Recent 20-Ep Avg Reward: 48.0
    [Progress] Steps: 1760000 | Elapsed: 3917.9s | Recent 20-Ep Avg Reward: 44.6
    [Progress] Steps: 1770000 | Elapsed: 3974.8s | Recent 20-Ep Avg Reward: 56.6
    [Progress] Steps: 1780000 | Elapsed: 3982.6s | Recent 20-Ep Avg Reward: 41.8
    [Progress] Steps: 1790000 | Elapsed: 3990.6s | Recent 20-Ep Avg Reward: 52.0
    [Progress] Steps: 1800000 | Elapsed: 3998.7s | Recent 20-Ep Avg Reward: 46.2
    [Progress] Steps: 1810000 | Elapsed: 4054.5s | Recent 20-Ep Avg Reward: 39.8
    [Progress] Steps: 1820000 | Elapsed: 4062.5s | Recent 20-Ep Avg Reward: 51.0
    [Progress] Steps: 1830000 | Elapsed: 4070.4s | Recent 20-Ep Avg Reward: 53.1
    [Progress] Steps: 1840000 | Elapsed: 4127.8s | Recent 20-Ep Avg Reward: 43.7
    [Progress] Steps: 1850000 | Elapsed: 4135.8s | Recent 20-Ep Avg Reward: 42.5
    [Progress] Steps: 1860000 | Elapsed: 4143.7s | Recent 20-Ep Avg Reward: 46.8
    [Progress] Steps: 1870000 | Elapsed: 4201.0s | Recent 20-Ep Avg Reward: 46.0
    [Progress] Steps: 1880000 | Elapsed: 4208.9s | Recent 20-Ep Avg Reward: 45.2
    [Progress] Steps: 1890000 | Elapsed: 4216.7s | Recent 20-Ep Avg Reward: 55.5
    [Progress] Steps: 1900000 | Elapsed: 4224.9s | Recent 20-Ep Avg Reward: 39.1
    [Progress] Steps: 1910000 | Elapsed: 4281.1s | Recent 20-Ep Avg Reward: 56.1
    [Progress] Steps: 1920000 | Elapsed: 4289.1s | Recent 20-Ep Avg Reward: 48.5
    [Progress] Steps: 1930000 | Elapsed: 4297.2s | Recent 20-Ep Avg Reward: 55.6
    [Progress] Steps: 1940000 | Elapsed: 4354.9s | Recent 20-Ep Avg Reward: 43.4
    [Progress] Steps: 1950000 | Elapsed: 4362.8s | Recent 20-Ep Avg Reward: 46.9
    [Progress] Steps: 1960000 | Elapsed: 4370.8s | Recent 20-Ep Avg Reward: 45.7
    [Progress] Steps: 1970000 | Elapsed: 4427.9s | Recent 20-Ep Avg Reward: 48.2
    [Progress] Steps: 1980000 | Elapsed: 4435.9s | Recent 20-Ep Avg Reward: 49.2
    [Progress] Steps: 1990000 | Elapsed: 4443.9s | Recent 20-Ep Avg Reward: 49.5
    [Progress] Steps: 2000000 | Elapsed: 4501.0s | Recent 20-Ep Avg Reward: 43.4
    [Progress] Steps: 2010000 | Elapsed: 4508.8s | Recent 20-Ep Avg Reward: 46.7
    [Progress] Steps: 2020000 | Elapsed: 4516.7s | Recent 20-Ep Avg Reward: 52.9
    [Progress] Steps: 2030000 | Elapsed: 4524.8s | Recent 20-Ep Avg Reward: 50.8
[*] Final Result for Seed 104: Stopped at 2031616 steps in 4576.51 seconds
[*] Data strictly saved to: ppo_results_seed_104\ppo_learning_curve.csv

--- Running Seed 105 (5/5) with 16 parallel workers ---
    [Progress] Steps: 10000 | Elapsed: 10.9s | Recent 20-Ep Avg Reward: 21.2
    [Progress] Steps: 20000 | Elapsed: 21.0s | Recent 20-Ep Avg Reward: 16.5
    [Progress] Steps: 30000 | Elapsed: 31.1s | Recent 20-Ep Avg Reward: 20.4
    [Progress] Steps: 40000 | Elapsed: 90.3s | Recent 20-Ep Avg Reward: 31.6
    [Progress] Steps: 50000 | Elapsed: 98.5s | Recent 20-Ep Avg Reward: 25.6
    [Progress] Steps: 60000 | Elapsed: 107.0s | Recent 20-Ep Avg Reward: 29.9
    [Progress] Steps: 70000 | Elapsed: 164.9s | Recent 20-Ep Avg Reward: 36.9
    [Progress] Steps: 80000 | Elapsed: 173.0s | Recent 20-Ep Avg Reward: 38.5
    [Progress] Steps: 90000 | Elapsed: 181.1s | Recent 20-Ep Avg Reward: 35.8
    [Progress] Steps: 100000 | Elapsed: 239.1s | Recent 20-Ep Avg Reward: 34.6
    [Progress] Steps: 110000 | Elapsed: 247.2s | Recent 20-Ep Avg Reward: 40.5
    [Progress] Steps: 120000 | Elapsed: 255.2s | Recent 20-Ep Avg Reward: 43.4
    [Progress] Steps: 130000 | Elapsed: 263.2s | Recent 20-Ep Avg Reward: 43.4
    [Progress] Steps: 140000 | Elapsed: 319.7s | Recent 20-Ep Avg Reward: 47.7
    [Progress] Steps: 150000 | Elapsed: 327.6s | Recent 20-Ep Avg Reward: 58.0
    [Progress] Steps: 160000 | Elapsed: 335.8s | Recent 20-Ep Avg Reward: 40.9
    [Progress] Steps: 170000 | Elapsed: 392.9s | Recent 20-Ep Avg Reward: 52.4
    [Progress] Steps: 180000 | Elapsed: 400.8s | Recent 20-Ep Avg Reward: 45.6
    [Progress] Steps: 190000 | Elapsed: 408.8s | Recent 20-Ep Avg Reward: 47.9
    [Progress] Steps: 200000 | Elapsed: 466.6s | Recent 20-Ep Avg Reward: 50.8
    [Progress] Steps: 210000 | Elapsed: 474.5s | Recent 20-Ep Avg Reward: 44.0
    [Progress] Steps: 220000 | Elapsed: 482.6s | Recent 20-Ep Avg Reward: 62.1
    [Progress] Steps: 230000 | Elapsed: 539.5s | Recent 20-Ep Avg Reward: 53.8
    [Progress] Steps: 240000 | Elapsed: 547.3s | Recent 20-Ep Avg Reward: 40.9
    [Progress] Steps: 250000 | Elapsed: 555.3s | Recent 20-Ep Avg Reward: 39.6
    [Progress] Steps: 260000 | Elapsed: 563.3s | Recent 20-Ep Avg Reward: 46.0
    [Progress] Steps: 270000 | Elapsed: 621.3s | Recent 20-Ep Avg Reward: 57.5
    [Progress] Steps: 280000 | Elapsed: 629.3s | Recent 20-Ep Avg Reward: 46.9
    [Progress] Steps: 290000 | Elapsed: 637.3s | Recent 20-Ep Avg Reward: 48.6
    [Progress] Steps: 300000 | Elapsed: 695.5s | Recent 20-Ep Avg Reward: 57.0
    [Progress] Steps: 310000 | Elapsed: 703.4s | Recent 20-Ep Avg Reward: 59.4
    [Progress] Steps: 320000 | Elapsed: 711.5s | Recent 20-Ep Avg Reward: 55.6
    [Progress] Steps: 330000 | Elapsed: 768.6s | Recent 20-Ep Avg Reward: 59.6
    [Progress] Steps: 340000 | Elapsed: 776.5s | Recent 20-Ep Avg Reward: 43.4
    [Progress] Steps: 350000 | Elapsed: 784.5s | Recent 20-Ep Avg Reward: 56.3
    [Progress] Steps: 360000 | Elapsed: 792.6s | Recent 20-Ep Avg Reward: 51.1
    [Progress] Steps: 370000 | Elapsed: 850.3s | Recent 20-Ep Avg Reward: 58.1
    [Progress] Steps: 380000 | Elapsed: 858.3s | Recent 20-Ep Avg Reward: 46.1
    [Progress] Steps: 390000 | Elapsed: 866.3s | Recent 20-Ep Avg Reward: 53.8
    [Progress] Steps: 400000 | Elapsed: 923.8s | Recent 20-Ep Avg Reward: 43.8
    [Progress] Steps: 410000 | Elapsed: 931.8s | Recent 20-Ep Avg Reward: 52.9
    [Progress] Steps: 420000 | Elapsed: 939.7s | Recent 20-Ep Avg Reward: 57.8
    [Progress] Steps: 430000 | Elapsed: 996.2s | Recent 20-Ep Avg Reward: 52.7
    [Progress] Steps: 440000 | Elapsed: 1004.3s | Recent 20-Ep Avg Reward: 49.3
    [Progress] Steps: 450000 | Elapsed: 1012.4s | Recent 20-Ep Avg Reward: 53.3
    [Progress] Steps: 460000 | Elapsed: 1070.1s | Recent 20-Ep Avg Reward: 56.5
    [Progress] Steps: 470000 | Elapsed: 1077.8s | Recent 20-Ep Avg Reward: 51.1
    [Progress] Steps: 480000 | Elapsed: 1085.8s | Recent 20-Ep Avg Reward: 46.2
    [Progress] Steps: 490000 | Elapsed: 1093.9s | Recent 20-Ep Avg Reward: 44.8
    [Progress] Steps: 500000 | Elapsed: 1151.3s | Recent 20-Ep Avg Reward: 50.6
    [Progress] Steps: 510000 | Elapsed: 1159.3s | Recent 20-Ep Avg Reward: 51.5
    [Progress] Steps: 520000 | Elapsed: 1167.3s | Recent 20-Ep Avg Reward: 50.9
    [Progress] Steps: 530000 | Elapsed: 1223.6s | Recent 20-Ep Avg Reward: 54.4
    [Progress] Steps: 540000 | Elapsed: 1231.5s | Recent 20-Ep Avg Reward: 46.6
    [Progress] Steps: 550000 | Elapsed: 1239.6s | Recent 20-Ep Avg Reward: 49.2
    [Progress] Steps: 560000 | Elapsed: 1297.2s | Recent 20-Ep Avg Reward: 49.1
    [Progress] Steps: 570000 | Elapsed: 1305.0s | Recent 20-Ep Avg Reward: 58.1
    [Progress] Steps: 580000 | Elapsed: 1313.0s | Recent 20-Ep Avg Reward: 58.5
    [Progress] Steps: 590000 | Elapsed: 1370.3s | Recent 20-Ep Avg Reward: 50.1
    [Progress] Steps: 600000 | Elapsed: 1378.1s | Recent 20-Ep Avg Reward: 51.5
    [Progress] Steps: 610000 | Elapsed: 1386.2s | Recent 20-Ep Avg Reward: 47.4
    [Progress] Steps: 620000 | Elapsed: 1394.1s | Recent 20-Ep Avg Reward: 51.2
    [Progress] Steps: 630000 | Elapsed: 1450.7s | Recent 20-Ep Avg Reward: 52.0
    [Progress] Steps: 640000 | Elapsed: 1458.8s | Recent 20-Ep Avg Reward: 44.6
    [Progress] Steps: 650000 | Elapsed: 1466.7s | Recent 20-Ep Avg Reward: 46.1
    [Progress] Steps: 660000 | Elapsed: 1524.5s | Recent 20-Ep Avg Reward: 54.0
    [Progress] Steps: 670000 | Elapsed: 1532.5s | Recent 20-Ep Avg Reward: 44.1
    [Progress] Steps: 680000 | Elapsed: 1540.5s | Recent 20-Ep Avg Reward: 48.0
    [Progress] Steps: 690000 | Elapsed: 1598.6s | Recent 20-Ep Avg Reward: 57.5
    [Progress] Steps: 700000 | Elapsed: 1606.4s | Recent 20-Ep Avg Reward: 49.2
    [Progress] Steps: 710000 | Elapsed: 1614.5s | Recent 20-Ep Avg Reward: 41.5
    [Progress] Steps: 720000 | Elapsed: 1622.6s | Recent 20-Ep Avg Reward: 51.1
    [Progress] Steps: 730000 | Elapsed: 1679.6s | Recent 20-Ep Avg Reward: 49.0
    [Progress] Steps: 740000 | Elapsed: 1687.6s | Recent 20-Ep Avg Reward: 46.8
    [Progress] Steps: 750000 | Elapsed: 1695.6s | Recent 20-Ep Avg Reward: 48.5
    [Progress] Steps: 760000 | Elapsed: 1753.8s | Recent 20-Ep Avg Reward: 49.8
    [Progress] Steps: 770000 | Elapsed: 1761.9s | Recent 20-Ep Avg Reward: 52.2
    [Progress] Steps: 780000 | Elapsed: 1769.9s | Recent 20-Ep Avg Reward: 52.5
    [Progress] Steps: 790000 | Elapsed: 1827.6s | Recent 20-Ep Avg Reward: 56.0
    [Progress] Steps: 800000 | Elapsed: 1835.7s | Recent 20-Ep Avg Reward: 51.8
    [Progress] Steps: 810000 | Elapsed: 1843.7s | Recent 20-Ep Avg Reward: 46.8
    [Progress] Steps: 820000 | Elapsed: 1901.0s | Recent 20-Ep Avg Reward: 46.6
    [Progress] Steps: 830000 | Elapsed: 1909.0s | Recent 20-Ep Avg Reward: 56.2
    [Progress] Steps: 840000 | Elapsed: 1917.0s | Recent 20-Ep Avg Reward: 59.6
    [Progress] Steps: 850000 | Elapsed: 1925.0s | Recent 20-Ep Avg Reward: 47.0
    [Progress] Steps: 860000 | Elapsed: 1983.0s | Recent 20-Ep Avg Reward: 50.2
    [Progress] Steps: 870000 | Elapsed: 1990.9s | Recent 20-Ep Avg Reward: 47.7
    [Progress] Steps: 880000 | Elapsed: 1999.0s | Recent 20-Ep Avg Reward: 42.3
    [Progress] Steps: 890000 | Elapsed: 2056.4s | Recent 20-Ep Avg Reward: 49.0
    [Progress] Steps: 900000 | Elapsed: 2064.5s | Recent 20-Ep Avg Reward: 47.5
    [Progress] Steps: 910000 | Elapsed: 2072.5s | Recent 20-Ep Avg Reward: 43.5
    [Progress] Steps: 920000 | Elapsed: 2130.4s | Recent 20-Ep Avg Reward: 42.0
    [Progress] Steps: 930000 | Elapsed: 2138.3s | Recent 20-Ep Avg Reward: 50.1
    [Progress] Steps: 940000 | Elapsed: 2146.5s | Recent 20-Ep Avg Reward: 47.3
    [Progress] Steps: 950000 | Elapsed: 2154.4s | Recent 20-Ep Avg Reward: 50.4
    [Progress] Steps: 960000 | Elapsed: 2212.4s | Recent 20-Ep Avg Reward: 44.6
    [Progress] Steps: 970000 | Elapsed: 2220.5s | Recent 20-Ep Avg Reward: 47.5
    [Progress] Steps: 980000 | Elapsed: 2228.5s | Recent 20-Ep Avg Reward: 49.9
    [Progress] Steps: 990000 | Elapsed: 2285.7s | Recent 20-Ep Avg Reward: 49.7
    [Progress] Steps: 1000000 | Elapsed: 2293.8s | Recent 20-Ep Avg Reward: 47.1
    [Progress] Steps: 1010000 | Elapsed: 2301.8s | Recent 20-Ep Avg Reward: 54.5
    [Progress] Steps: 1020000 | Elapsed: 2360.0s | Recent 20-Ep Avg Reward: 44.5
    [Progress] Steps: 1030000 | Elapsed: 2368.0s | Recent 20-Ep Avg Reward: 44.4
    [Progress] Steps: 1040000 | Elapsed: 2376.1s | Recent 20-Ep Avg Reward: 52.4
    [Progress] Steps: 1050000 | Elapsed: 2434.6s | Recent 20-Ep Avg Reward: 41.9
    [Progress] Steps: 1060000 | Elapsed: 2442.5s | Recent 20-Ep Avg Reward: 49.1
    [Progress] Steps: 1070000 | Elapsed: 2450.5s | Recent 20-Ep Avg Reward: 48.1
    [Progress] Steps: 1080000 | Elapsed: 2458.5s | Recent 20-Ep Avg Reward: 51.8
    [Progress] Steps: 1090000 | Elapsed: 2515.6s | Recent 20-Ep Avg Reward: 53.4
    [Progress] Steps: 1100000 | Elapsed: 2523.7s | Recent 20-Ep Avg Reward: 47.5
    [Progress] Steps: 1110000 | Elapsed: 2531.8s | Recent 20-Ep Avg Reward: 57.8
    [Progress] Steps: 1120000 | Elapsed: 2589.4s | Recent 20-Ep Avg Reward: 53.0
    [Progress] Steps: 1130000 | Elapsed: 2597.5s | Recent 20-Ep Avg Reward: 50.0
    [Progress] Steps: 1140000 | Elapsed: 2605.5s | Recent 20-Ep Avg Reward: 53.7
    [Progress] Steps: 1150000 | Elapsed: 2663.9s | Recent 20-Ep Avg Reward: 57.5
    [Progress] Steps: 1160000 | Elapsed: 2672.1s | Recent 20-Ep Avg Reward: 51.5
    [Progress] Steps: 1170000 | Elapsed: 2680.1s | Recent 20-Ep Avg Reward: 44.9
    [Progress] Steps: 1180000 | Elapsed: 2737.4s | Recent 20-Ep Avg Reward: 48.1
    [Progress] Steps: 1190000 | Elapsed: 2745.3s | Recent 20-Ep Avg Reward: 49.7
    [Progress] Steps: 1200000 | Elapsed: 2753.3s | Recent 20-Ep Avg Reward: 46.5
    [Progress] Steps: 1210000 | Elapsed: 2761.5s | Recent 20-Ep Avg Reward: 50.5
    [Progress] Steps: 1220000 | Elapsed: 2818.9s | Recent 20-Ep Avg Reward: 42.4
    [Progress] Steps: 1230000 | Elapsed: 2827.0s | Recent 20-Ep Avg Reward: 43.5
    [Progress] Steps: 1240000 | Elapsed: 2835.0s | Recent 20-Ep Avg Reward: 41.4
    [Progress] Steps: 1250000 | Elapsed: 2892.4s | Recent 20-Ep Avg Reward: 48.8
    [Progress] Steps: 1260000 | Elapsed: 2900.5s | Recent 20-Ep Avg Reward: 47.2
    [Progress] Steps: 1270000 | Elapsed: 2908.5s | Recent 20-Ep Avg Reward: 46.5
    [Progress] Steps: 1280000 | Elapsed: 2965.8s | Recent 20-Ep Avg Reward: 49.4
    [Progress] Steps: 1290000 | Elapsed: 2973.7s | Recent 20-Ep Avg Reward: 47.6
    [Progress] Steps: 1300000 | Elapsed: 2981.8s | Recent 20-Ep Avg Reward: 48.8
    [Progress] Steps: 1310000 | Elapsed: 2989.9s | Recent 20-Ep Avg Reward: 48.3
    [Progress] Steps: 1320000 | Elapsed: 3047.6s | Recent 20-Ep Avg Reward: 50.0
    [Progress] Steps: 1330000 | Elapsed: 3055.6s | Recent 20-Ep Avg Reward: 42.4
    [Progress] Steps: 1340000 | Elapsed: 3063.7s | Recent 20-Ep Avg Reward: 48.0
    [Progress] Steps: 1350000 | Elapsed: 3121.0s | Recent 20-Ep Avg Reward: 44.0
    [Progress] Steps: 1360000 | Elapsed: 3129.0s | Recent 20-Ep Avg Reward: 43.0
    [Progress] Steps: 1370000 | Elapsed: 3137.1s | Recent 20-Ep Avg Reward: 48.1
    [Progress] Steps: 1380000 | Elapsed: 3193.1s | Recent 20-Ep Avg Reward: 50.0
    [Progress] Steps: 1390000 | Elapsed: 3201.1s | Recent 20-Ep Avg Reward: 38.5
    [Progress] Steps: 1400000 | Elapsed: 3209.2s | Recent 20-Ep Avg Reward: 52.4
    [Progress] Steps: 1410000 | Elapsed: 3266.6s | Recent 20-Ep Avg Reward: 45.2
    [Progress] Steps: 1420000 | Elapsed: 3274.4s | Recent 20-Ep Avg Reward: 46.1
    [Progress] Steps: 1430000 | Elapsed: 3282.6s | Recent 20-Ep Avg Reward: 54.2
    [Progress] Steps: 1440000 | Elapsed: 3290.6s | Recent 20-Ep Avg Reward: 53.2
    [Progress] Steps: 1450000 | Elapsed: 3347.8s | Recent 20-Ep Avg Reward: 48.5
    [Progress] Steps: 1460000 | Elapsed: 3355.9s | Recent 20-Ep Avg Reward: 42.0
    [Progress] Steps: 1470000 | Elapsed: 3364.0s | Recent 20-Ep Avg Reward: 49.6
    [Progress] Steps: 1480000 | Elapsed: 3420.6s | Recent 20-Ep Avg Reward: 44.9
    [Progress] Steps: 1490000 | Elapsed: 3428.7s | Recent 20-Ep Avg Reward: 45.5
    [Progress] Steps: 1500000 | Elapsed: 3436.7s | Recent 20-Ep Avg Reward: 42.3
    [Progress] Steps: 1510000 | Elapsed: 3494.9s | Recent 20-Ep Avg Reward: 52.3
    [Progress] Steps: 1520000 | Elapsed: 3502.9s | Recent 20-Ep Avg Reward: 46.0
    [Progress] Steps: 1530000 | Elapsed: 3510.9s | Recent 20-Ep Avg Reward: 46.4
    [Progress] Steps: 1540000 | Elapsed: 3519.0s | Recent 20-Ep Avg Reward: 44.2
    [Progress] Steps: 1550000 | Elapsed: 3576.4s | Recent 20-Ep Avg Reward: 46.7
    [Progress] Steps: 1560000 | Elapsed: 3584.5s | Recent 20-Ep Avg Reward: 46.0
    [Progress] Steps: 1570000 | Elapsed: 3592.5s | Recent 20-Ep Avg Reward: 43.7
    [Progress] Steps: 1580000 | Elapsed: 3648.7s | Recent 20-Ep Avg Reward: 47.0
    [Progress] Steps: 1590000 | Elapsed: 3656.8s | Recent 20-Ep Avg Reward: 42.6
    [Progress] Steps: 1600000 | Elapsed: 3664.9s | Recent 20-Ep Avg Reward: 42.0
    [Progress] Steps: 1610000 | Elapsed: 3722.8s | Recent 20-Ep Avg Reward: 45.1
    [Progress] Steps: 1620000 | Elapsed: 3730.9s | Recent 20-Ep Avg Reward: 43.8
    [Progress] Steps: 1630000 | Elapsed: 3738.9s | Recent 20-Ep Avg Reward: 43.2
    [Progress] Steps: 1640000 | Elapsed: 3796.5s | Recent 20-Ep Avg Reward: 49.8
    [Progress] Steps: 1650000 | Elapsed: 3804.5s | Recent 20-Ep Avg Reward: 51.4
    [Progress] Steps: 1660000 | Elapsed: 3812.5s | Recent 20-Ep Avg Reward: 43.6
    [Progress] Steps: 1670000 | Elapsed: 3820.5s | Recent 20-Ep Avg Reward: 43.7
    [Progress] Steps: 1680000 | Elapsed: 3877.7s | Recent 20-Ep Avg Reward: 46.8
    [Progress] Steps: 1690000 | Elapsed: 3885.7s | Recent 20-Ep Avg Reward: 40.6
    [Progress] Steps: 1700000 | Elapsed: 3893.8s | Recent 20-Ep Avg Reward: 49.9
    [Progress] Steps: 1710000 | Elapsed: 3951.5s | Recent 20-Ep Avg Reward: 43.5
    [Progress] Steps: 1720000 | Elapsed: 3959.5s | Recent 20-Ep Avg Reward: 46.3
    [Progress] Steps: 1730000 | Elapsed: 3967.6s | Recent 20-Ep Avg Reward: 52.6
    [Progress] Steps: 1740000 | Elapsed: 4024.7s | Recent 20-Ep Avg Reward: 48.5
    [Progress] Steps: 1750000 | Elapsed: 4032.7s | Recent 20-Ep Avg Reward: 48.5
    [Progress] Steps: 1760000 | Elapsed: 4040.9s | Recent 20-Ep Avg Reward: 50.5
    [Progress] Steps: 1770000 | Elapsed: 4097.8s | Recent 20-Ep Avg Reward: 41.5
    [Progress] Steps: 1780000 | Elapsed: 4105.6s | Recent 20-Ep Avg Reward: 38.0
    [Progress] Steps: 1790000 | Elapsed: 4113.7s | Recent 20-Ep Avg Reward: 43.6
    [Progress] Steps: 1800000 | Elapsed: 4121.7s | Recent 20-Ep Avg Reward: 44.8
    [Progress] Steps: 1810000 | Elapsed: 4180.1s | Recent 20-Ep Avg Reward: 39.9
    [Progress] Steps: 1820000 | Elapsed: 4188.2s | Recent 20-Ep Avg Reward: 53.0
    [Progress] Steps: 1830000 | Elapsed: 4196.2s | Recent 20-Ep Avg Reward: 44.4
    [Progress] Steps: 1840000 | Elapsed: 4253.7s | Recent 20-Ep Avg Reward: 44.6
    [Progress] Steps: 1850000 | Elapsed: 4261.7s | Recent 20-Ep Avg Reward: 49.4
    [Progress] Steps: 1860000 | Elapsed: 4269.7s | Recent 20-Ep Avg Reward: 49.7
    [Progress] Steps: 1870000 | Elapsed: 4327.5s | Recent 20-Ep Avg Reward: 43.4
    [Progress] Steps: 1880000 | Elapsed: 4335.5s | Recent 20-Ep Avg Reward: 45.4
    [Progress] Steps: 1890000 | Elapsed: 4343.5s | Recent 20-Ep Avg Reward: 44.4
    [Progress] Steps: 1900000 | Elapsed: 4351.6s | Recent 20-Ep Avg Reward: 43.8
    [Progress] Steps: 1910000 | Elapsed: 4409.4s | Recent 20-Ep Avg Reward: 45.3
    [Progress] Steps: 1920000 | Elapsed: 4417.6s | Recent 20-Ep Avg Reward: 52.5
    [Progress] Steps: 1930000 | Elapsed: 4425.6s | Recent 20-Ep Avg Reward: 56.2
    [Progress] Steps: 1940000 | Elapsed: 4482.5s | Recent 20-Ep Avg Reward: 47.2
    [Progress] Steps: 1950000 | Elapsed: 4490.5s | Recent 20-Ep Avg Reward: 45.1
    [Progress] Steps: 1960000 | Elapsed: 4498.6s | Recent 20-Ep Avg Reward: 47.9
    [Progress] Steps: 1970000 | Elapsed: 4556.4s | Recent 20-Ep Avg Reward: 49.1
    [Progress] Steps: 1980000 | Elapsed: 4564.5s | Recent 20-Ep Avg Reward: 47.7
    [Progress] Steps: 1990000 | Elapsed: 4572.6s | Recent 20-Ep Avg Reward: 45.4
    [Progress] Steps: 2000000 | Elapsed: 4631.1s | Recent 20-Ep Avg Reward: 49.9
    [Progress] Steps: 2010000 | Elapsed: 4638.9s | Recent 20-Ep Avg Reward: 56.2
    [Progress] Steps: 2020000 | Elapsed: 4647.0s | Recent 20-Ep Avg Reward: 56.0
    [Progress] Steps: 2030000 | Elapsed: 4655.2s | Recent 20-Ep Avg Reward: 49.4
[*] Final Result for Seed 105: Stopped at 2031616 steps in 4705.98 seconds
[*] Data strictly saved to: ppo_results_seed_105\ppo_learning_curve.csv

==================================================
=== FINAL CONVERGENCE SUMMARY ACROSS 5 SEEDS ===
Average Convergence Time: 4612.32 sec (±62.14)
Average Convergence Steps: 2031616 steps (±0)
==================================================